---
http_interactions:
- request:
    method: get
    uri: https://api.openweathermap.org/data/2.5/onecall?appid=d56c5a1373ab072efa767c9937038b8e&exclude=minutely,hourly&lat=3.0&lon=3.0&units=imperial
    body:
      encoding: US-ASCII
      string: ''
    headers:
      User-Agent:
      - Faraday v1.1.0
      Accept-Encoding:
      - gzip;q=1.0,deflate;q=0.6,identity;q=0.3
      Accept:
      - "*/*"
  response:
    status:
      code: 200
      message: OK
    headers:
      Server:
      - openresty
      Date:
      - Thu, 05 Nov 2020 19:36:20 GMT
      Content-Type:
      - application/json; charset=utf-8
      Content-Length:
      - '3704'
      Connection:
      - keep-alive
      X-Cache-Key:
      - "/data/2.5/onecall?exclude=minutely%2Chourly&lat=3&lon=3&units=imperial"
      Access-Control-Allow-Origin:
      - "*"
      Access-Control-Allow-Credentials:
      - 'true'
      Access-Control-Allow-Methods:
      - GET, POST
    body:
      encoding: UTF-8
      string: '{"lat":3,"lon":3,"timezone":"Etc/GMT","timezone_offset":0,"current":{"dt":1604604980,"sunrise":1604554292,"sunset":1604597499,"temp":79.79,"feels_like":83.79,"pressure":1012,"humidity":85,"dew_point":74.88,"uvi":11.73,"clouds":100,"visibility":3296,"wind_speed":11.16,"wind_deg":188,"weather":[{"id":501,"main":"Rain","description":"moderate
        rain","icon":"10n"}],"rain":{"1h":3.38}},"daily":[{"dt":1604574000,"sunrise":1604554292,"sunset":1604597499,"temp":{"day":81.36,"min":79.79,"max":81.66,"night":80.28,"eve":79.79,"morn":81.1},"feels_like":{"day":85.05,"night":84.51,"eve":84.27,"morn":86.61},"pressure":1010,"humidity":80,"dew_point":74.86,"wind_speed":11.41,"wind_deg":178,"weather":[{"id":502,"main":"Rain","description":"heavy
        intensity rain","icon":"10d"}],"clouds":96,"pop":1,"rain":17.89,"uvi":11.73},{"dt":1604660400,"sunrise":1604640699,"sunset":1604683898,"temp":{"day":80.58,"min":80.58,"max":81.19,"night":81.18,"eve":81.16,"morn":80.78},"feels_like":{"day":84.27,"night":85.17,"eve":85.93,"morn":84.27},"pressure":1011,"humidity":83,"dew_point":75.02,"wind_speed":11.74,"wind_deg":210,"weather":[{"id":501,"main":"Rain","description":"moderate
        rain","icon":"10d"}],"clouds":78,"pop":1,"rain":3.81,"uvi":12.48},{"dt":1604746800,"sunrise":1604727107,"sunset":1604770299,"temp":{"day":80.62,"min":80.2,"max":80.91,"night":80.47,"eve":80.74,"morn":80.38},"feels_like":{"day":83.73,"night":85.51,"eve":86.13,"morn":84.88},"pressure":1013,"humidity":81,"dew_point":74.61,"wind_speed":12.08,"wind_deg":208,"weather":[{"id":500,"main":"Rain","description":"light
        rain","icon":"10d"}],"clouds":91,"pop":0.8,"rain":1.76,"uvi":12.55},{"dt":1604833200,"sunrise":1604813516,"sunset":1604856700,"temp":{"day":81,"min":80.02,"max":81.81,"night":81.39,"eve":81.81,"morn":80.02},"feels_like":{"day":86,"night":86.68,"eve":87.06,"morn":84.99},"pressure":1012,"humidity":76,"dew_point":72.79,"wind_speed":7.2,"wind_deg":176,"weather":[{"id":802,"main":"Clouds","description":"scattered
        clouds","icon":"03d"}],"clouds":45,"pop":0.2,"uvi":12.74},{"dt":1604919600,"sunrise":1604899925,"sunset":1604943102,"temp":{"day":80.91,"min":80.29,"max":81.05,"night":80.29,"eve":80.56,"morn":80.64},"feels_like":{"day":85.24,"night":84.96,"eve":85.21,"morn":85.28},"pressure":1012,"humidity":78,"dew_point":73.45,"wind_speed":9.04,"wind_deg":185,"weather":[{"id":501,"main":"Rain","description":"moderate
        rain","icon":"10d"}],"clouds":50,"pop":1,"rain":3.25,"uvi":12.43},{"dt":1605006000,"sunrise":1604986336,"sunset":1605029506,"temp":{"day":80.4,"min":79.99,"max":80.46,"night":80.46,"eve":80.29,"morn":79.99},"feels_like":{"day":83.82,"night":84.6,"eve":84.07,"morn":84.74},"pressure":1010,"humidity":81,"dew_point":74.41,"wind_speed":11.3,"wind_deg":191,"weather":[{"id":501,"main":"Rain","description":"moderate
        rain","icon":"10d"}],"clouds":58,"pop":1,"rain":9.07,"uvi":12.36},{"dt":1605092400,"sunrise":1605072747,"sunset":1605115910,"temp":{"day":80.62,"min":79.99,"max":80.62,"night":80.58,"eve":80.42,"morn":80.08},"feels_like":{"day":84.18,"night":85.53,"eve":84.38,"morn":83.68},"pressure":1010,"humidity":81,"dew_point":74.57,"wind_speed":11.27,"wind_deg":198,"weather":[{"id":501,"main":"Rain","description":"moderate
        rain","icon":"10d"}],"clouds":1,"pop":0.84,"rain":3.83,"uvi":11.87},{"dt":1605178800,"sunrise":1605159158,"sunset":1605202314,"temp":{"day":81.5,"min":80.56,"max":81.61,"night":81.03,"eve":81.05,"morn":80.56},"feels_like":{"day":85.17,"night":86.88,"eve":85.98,"morn":86.34},"pressure":1010,"humidity":76,"dew_point":73.4,"wind_speed":10.04,"wind_deg":214,"weather":[{"id":501,"main":"Rain","description":"moderate
        rain","icon":"10d"}],"clouds":61,"pop":0.92,"rain":7.94,"uvi":12.36}]}'
  recorded_at: Thu, 05 Nov 2020 19:36:20 GMT
- request:
    method: get
    uri: http://api.openweathermap.org/data/2.5/onecall?appid=d56c5a1373ab072efa767c9937038b8e&exclude=minutely,hourly&lat=3.0&lon=3.0&units=imperial
    body:
      encoding: US-ASCII
      string: ''
    headers:
      User-Agent:
      - Faraday v1.1.0
      Accept-Encoding:
      - gzip;q=1.0,deflate;q=0.6,identity;q=0.3
      Accept:
      - "*/*"
  response:
    status:
      code: 200
      message: OK
    headers:
      Server:
      - openresty
      Date:
      - Thu, 05 Nov 2020 22:10:58 GMT
      Content-Type:
      - application/json; charset=utf-8
      Content-Length:
      - '3700'
      Connection:
      - keep-alive
      X-Cache-Key:
      - "/data/2.5/onecall?exclude=minutely%2Chourly&lat=3&lon=3&units=imperial"
      Access-Control-Allow-Origin:
      - "*"
      Access-Control-Allow-Credentials:
      - 'true'
      Access-Control-Allow-Methods:
      - GET, POST
    body:
      encoding: UTF-8
      string: '{"lat":3,"lon":3,"timezone":"Etc/GMT","timezone_offset":0,"current":{"dt":1604614258,"sunrise":1604554292,"sunset":1604597499,"temp":80.89,"feels_like":85.28,"pressure":1012,"humidity":82,"dew_point":74.88,"uvi":11.73,"clouds":100,"visibility":10000,"wind_speed":10.45,"wind_deg":189,"weather":[{"id":500,"main":"Rain","description":"light
        rain","icon":"10n"}],"rain":{"1h":0.13}},"daily":[{"dt":1604574000,"sunrise":1604554292,"sunset":1604597499,"temp":{"day":81.36,"min":80.1,"max":81.66,"night":80.89,"eve":80.1,"morn":81.1},"feels_like":{"day":85.05,"night":85.24,"eve":84.76,"morn":86.61},"pressure":1010,"humidity":80,"dew_point":74.86,"wind_speed":11.41,"wind_deg":178,"weather":[{"id":502,"main":"Rain","description":"heavy
        intensity rain","icon":"10d"}],"clouds":96,"pop":1,"rain":17.89,"uvi":11.73},{"dt":1604660400,"sunrise":1604640699,"sunset":1604683898,"temp":{"day":80.58,"min":80.58,"max":81.19,"night":81.18,"eve":81.16,"morn":80.78},"feels_like":{"day":84.27,"night":85.17,"eve":85.93,"morn":84.27},"pressure":1011,"humidity":83,"dew_point":75.02,"wind_speed":11.74,"wind_deg":210,"weather":[{"id":501,"main":"Rain","description":"moderate
        rain","icon":"10d"}],"clouds":78,"pop":1,"rain":3.81,"uvi":12.48},{"dt":1604746800,"sunrise":1604727107,"sunset":1604770299,"temp":{"day":80.62,"min":80.2,"max":80.91,"night":80.47,"eve":80.74,"morn":80.38},"feels_like":{"day":83.73,"night":85.51,"eve":86.13,"morn":84.88},"pressure":1013,"humidity":81,"dew_point":74.61,"wind_speed":12.08,"wind_deg":208,"weather":[{"id":500,"main":"Rain","description":"light
        rain","icon":"10d"}],"clouds":91,"pop":0.8,"rain":1.76,"uvi":12.55},{"dt":1604833200,"sunrise":1604813516,"sunset":1604856700,"temp":{"day":81,"min":80.02,"max":81.81,"night":81.39,"eve":81.81,"morn":80.02},"feels_like":{"day":86,"night":86.68,"eve":87.06,"morn":84.99},"pressure":1012,"humidity":76,"dew_point":72.79,"wind_speed":7.2,"wind_deg":176,"weather":[{"id":802,"main":"Clouds","description":"scattered
        clouds","icon":"03d"}],"clouds":45,"pop":0.2,"uvi":12.74},{"dt":1604919600,"sunrise":1604899925,"sunset":1604943102,"temp":{"day":80.91,"min":80.29,"max":81.05,"night":80.29,"eve":80.56,"morn":80.64},"feels_like":{"day":85.24,"night":84.96,"eve":85.21,"morn":85.28},"pressure":1012,"humidity":78,"dew_point":73.45,"wind_speed":9.04,"wind_deg":185,"weather":[{"id":501,"main":"Rain","description":"moderate
        rain","icon":"10d"}],"clouds":50,"pop":1,"rain":3.25,"uvi":12.43},{"dt":1605006000,"sunrise":1604986336,"sunset":1605029506,"temp":{"day":80.4,"min":79.99,"max":80.46,"night":80.46,"eve":80.29,"morn":79.99},"feels_like":{"day":83.82,"night":84.6,"eve":84.07,"morn":84.74},"pressure":1010,"humidity":81,"dew_point":74.41,"wind_speed":11.3,"wind_deg":191,"weather":[{"id":501,"main":"Rain","description":"moderate
        rain","icon":"10d"}],"clouds":58,"pop":1,"rain":9.07,"uvi":12.36},{"dt":1605092400,"sunrise":1605072747,"sunset":1605115910,"temp":{"day":80.62,"min":79.99,"max":80.62,"night":80.58,"eve":80.42,"morn":80.08},"feels_like":{"day":84.18,"night":85.53,"eve":84.38,"morn":83.68},"pressure":1010,"humidity":81,"dew_point":74.57,"wind_speed":11.27,"wind_deg":198,"weather":[{"id":501,"main":"Rain","description":"moderate
        rain","icon":"10d"}],"clouds":1,"pop":0.84,"rain":3.83,"uvi":11.87},{"dt":1605178800,"sunrise":1605159158,"sunset":1605202314,"temp":{"day":81.5,"min":80.56,"max":81.61,"night":81.03,"eve":81.05,"morn":80.56},"feels_like":{"day":85.17,"night":86.88,"eve":85.98,"morn":86.34},"pressure":1010,"humidity":76,"dew_point":73.4,"wind_speed":10.04,"wind_deg":214,"weather":[{"id":501,"main":"Rain","description":"moderate
        rain","icon":"10d"}],"clouds":61,"pop":0.92,"rain":7.94,"uvi":12.36}]}'
  recorded_at: Thu, 05 Nov 2020 22:10:58 GMT
- request:
    method: get
    uri: https://solar-garden-be.herokuapp.com/?lat=3.0&lon=3.0
    body:
      encoding: US-ASCII
      string: ''
    headers:
      User-Agent:
      - Faraday v1.1.0
      Accept-Encoding:
      - gzip;q=1.0,deflate;q=0.6,identity;q=0.3
      Accept:
      - "*/*"
  response:
    status:
      code: 404
      message: Not Found
    headers:
      Server:
      - Cowboy
      Date:
      - Thu, 05 Nov 2020 23:02:46 GMT
      Connection:
      - keep-alive
      Content-Type:
      - text/html; charset=UTF-8
      X-Request-Id:
      - f440d432-3d7a-4065-99c5-f731d89b1128
      X-Runtime:
      - '0.002452'
      Vary:
      - Origin
      Content-Length:
      - '0'
      Via:
      - 1.1 vegur
    body:
      encoding: UTF-8
      string: ''
  recorded_at: Thu, 05 Nov 2020 23:02:46 GMT
- request:
    method: get
    uri: https://solar-garden-be.herokuapp.com/api/v1/forecast?lat=3.0&lon=3.0
    body:
      encoding: US-ASCII
      string: ''
    headers:
      User-Agent:
      - Faraday v1.1.0
      Accept-Encoding:
      - gzip;q=1.0,deflate;q=0.6,identity;q=0.3
      Accept:
      - "*/*"
  response:
    status:
      code: 200
      message: OK
    headers:
      Server:
      - Cowboy
      Date:
      - Thu, 05 Nov 2020 23:21:27 GMT
      Connection:
      - keep-alive
      Content-Type:
      - application/json; charset=utf-8
      Etag:
      - W/"d1b692ffa33bd436b228f8a54c211977"
      Cache-Control:
      - max-age=0, private, must-revalidate
      X-Request-Id:
      - f05fe5f5-2dc5-4cf5-8b6e-2a5e732bc600
      X-Runtime:
      - '0.211335'
      Vary:
      - Origin
      Transfer-Encoding:
      - chunked
      Via:
      - 1.1 vegur
    body:
      encoding: UTF-8
      string: '{"data":{"id":null,"type":"weather","attributes":{"id":null,"description":"overcast
        clouds","humidity":81,"temperature":80.89,"daily":[{"date":"2020-11-05T11:00:00.000+00:00","temperature":81.36,"humidity":80,"description":"heavy
        intensity rain"},{"date":"2020-11-06T11:00:00.000+00:00","temperature":80.58,"humidity":83,"description":"moderate
        rain"},{"date":"2020-11-07T11:00:00.000+00:00","temperature":80.62,"humidity":81,"description":"light
        rain"},{"date":"2020-11-08T11:00:00.000+00:00","temperature":81,"humidity":76,"description":"scattered
        clouds"},{"date":"2020-11-09T11:00:00.000+00:00","temperature":80.91,"humidity":78,"description":"moderate
        rain"},{"date":"2020-11-10T11:00:00.000+00:00","temperature":80.4,"humidity":81,"description":"moderate
        rain"},{"date":"2020-11-11T11:00:00.000+00:00","temperature":80.62,"humidity":81,"description":"moderate
        rain"},{"date":"2020-11-12T11:00:00.000+00:00","temperature":81.5,"humidity":76,"description":"moderate
        rain"}]}}}'
  recorded_at: Thu, 05 Nov 2020 23:21:27 GMT
- request:
    method: get
    uri: https://solar-garden-be.herokuapp.com/api/v1/gardens/248
    body:
      encoding: US-ASCII
      string: ''
    headers:
      User-Agent:
      - Faraday v1.1.0
      Accept-Encoding:
      - gzip;q=1.0,deflate;q=0.6,identity;q=0.3
      Accept:
      - "*/*"
  response:
    status:
      code: 200
      message: OK
    headers:
      Server:
      - Cowboy
      Date:
      - Wed, 18 Nov 2020 23:44:15 GMT
      Connection:
      - keep-alive
      Content-Type:
      - application/json; charset=utf-8
      Etag:
      - W/"3a2e291f7e37ebce60816208b2a37c76"
      Cache-Control:
      - max-age=0, private, must-revalidate
      X-Request-Id:
      - 4b5498b2-7cf1-402b-bd1e-0bc7ba86e818
      X-Runtime:
      - '0.015257'
      Vary:
      - Origin
      Transfer-Encoding:
      - chunked
      Via:
      - 1.1 vegur
    body:
      encoding: UTF-8
      string: '{"data":{"id":"248","type":"garden","attributes":{"latitude":41.0,"longitude":86.0,"name":"Onion
        Garden","description":"Boggest onions in the land","private":false},"relationships":{"user_gardens":{"data":[{"id":"241","type":"user_garden"}]},"users":{"data":[{"id":"10","type":"user"}]},"sensors":{"data":[{"id":"101","type":"sensor"},{"id":"89","type":"sensor"}]},"garden_plants":{"data":[{"id":"77","type":"garden_plant"}]},"plants":{"data":[{"id":"18","type":"plant"}]}}}}'
  recorded_at: Wed, 18 Nov 2020 23:44:16 GMT
- request:
    method: get
    uri: https://solar-garden-be.herokuapp.com/api/v1/gardens/248/sensors
    body:
      encoding: US-ASCII
      string: ''
    headers:
      User-Agent:
      - Faraday v1.1.0
      Accept-Encoding:
      - gzip;q=1.0,deflate;q=0.6,identity;q=0.3
      Accept:
      - "*/*"
  response:
    status:
      code: 200
      message: OK
    headers:
      Server:
      - Cowboy
      Date:
      - Wed, 18 Nov 2020 23:44:15 GMT
      Connection:
      - keep-alive
      Content-Type:
      - application/json; charset=utf-8
      Etag:
      - W/"c14d7f4e35553dedb0e5556daf86bc3a"
      Cache-Control:
      - max-age=0, private, must-revalidate
      X-Request-Id:
      - 5620f367-b42b-4fac-9fe1-0c6d699f2099
      X-Runtime:
      - '0.012701'
      Vary:
      - Origin
      Transfer-Encoding:
      - chunked
      Via:
      - 1.1 vegur
    body:
      encoding: UTF-8
      string: '{"data":[{"id":"101","type":"sensor","attributes":{"min_threshold":6,"max_threshold":7,"sensor_type":"light"},"relationships":{"garden":{"data":{"id":"248","type":"garden"}},"garden_healths":{"data":[{"id":"362","type":"garden_health"},{"id":"364","type":"garden_health"},{"id":"366","type":"garden_health"},{"id":"368","type":"garden_health"},{"id":"370","type":"garden_health"},{"id":"372","type":"garden_health"},{"id":"374","type":"garden_health"},{"id":"376","type":"garden_health"},{"id":"378","type":"garden_health"},{"id":"380","type":"garden_health"},{"id":"382","type":"garden_health"},{"id":"384","type":"garden_health"},{"id":"386","type":"garden_health"},{"id":"388","type":"garden_health"},{"id":"390","type":"garden_health"},{"id":"392","type":"garden_health"},{"id":"394","type":"garden_health"},{"id":"396","type":"garden_health"},{"id":"398","type":"garden_health"},{"id":"400","type":"garden_health"},{"id":"402","type":"garden_health"},{"id":"404","type":"garden_health"},{"id":"406","type":"garden_health"},{"id":"408","type":"garden_health"},{"id":"410","type":"garden_health"},{"id":"412","type":"garden_health"},{"id":"414","type":"garden_health"},{"id":"416","type":"garden_health"},{"id":"418","type":"garden_health"},{"id":"420","type":"garden_health"},{"id":"422","type":"garden_health"},{"id":"424","type":"garden_health"},{"id":"426","type":"garden_health"},{"id":"428","type":"garden_health"},{"id":"430","type":"garden_health"},{"id":"432","type":"garden_health"},{"id":"434","type":"garden_health"}]}}},{"id":"89","type":"sensor","attributes":{"min_threshold":6,"max_threshold":7,"sensor_type":"temperature"},"relationships":{"garden":{"data":{"id":"248","type":"garden"}},"garden_healths":{"data":[{"id":"57","type":"garden_health"},{"id":"58","type":"garden_health"},{"id":"363","type":"garden_health"},{"id":"365","type":"garden_health"},{"id":"367","type":"garden_health"},{"id":"369","type":"garden_health"},{"id":"371","type":"garden_health"},{"id":"373","type":"garden_health"},{"id":"375","type":"garden_health"},{"id":"377","type":"garden_health"},{"id":"379","type":"garden_health"},{"id":"381","type":"garden_health"},{"id":"383","type":"garden_health"},{"id":"385","type":"garden_health"},{"id":"387","type":"garden_health"},{"id":"389","type":"garden_health"},{"id":"391","type":"garden_health"},{"id":"393","type":"garden_health"},{"id":"395","type":"garden_health"},{"id":"397","type":"garden_health"},{"id":"399","type":"garden_health"},{"id":"401","type":"garden_health"},{"id":"403","type":"garden_health"},{"id":"405","type":"garden_health"},{"id":"407","type":"garden_health"},{"id":"409","type":"garden_health"},{"id":"411","type":"garden_health"},{"id":"413","type":"garden_health"},{"id":"415","type":"garden_health"},{"id":"417","type":"garden_health"},{"id":"419","type":"garden_health"},{"id":"421","type":"garden_health"},{"id":"423","type":"garden_health"},{"id":"425","type":"garden_health"},{"id":"427","type":"garden_health"},{"id":"429","type":"garden_health"},{"id":"431","type":"garden_health"},{"id":"433","type":"garden_health"},{"id":"435","type":"garden_health"}]}}}]}'
  recorded_at: Wed, 18 Nov 2020 23:44:16 GMT
- request:
    method: get
    uri: https://solar-garden-be.herokuapp.com/api/v1/garden_healths/362
    body:
      encoding: US-ASCII
      string: ''
    headers:
      User-Agent:
      - Faraday v1.1.0
      Accept-Encoding:
      - gzip;q=1.0,deflate;q=0.6,identity;q=0.3
      Accept:
      - "*/*"
  response:
    status:
      code: 200
      message: OK
    headers:
      Server:
      - Cowboy
      Date:
      - Wed, 18 Nov 2020 23:44:16 GMT
      Connection:
      - keep-alive
      Content-Type:
      - application/json; charset=utf-8
      Etag:
      - W/"babbdaabb09e29a2f1ed5a92990d01b7"
      Cache-Control:
      - max-age=0, private, must-revalidate
      X-Request-Id:
      - 853cd5cf-0475-48bb-a296-c372ef49740e
      X-Runtime:
      - '0.007781'
      Vary:
      - Origin
      Transfer-Encoding:
      - chunked
      Via:
      - 1.1 vegur
    body:
      encoding: UTF-8
      string: '{"data":{"id":"362","type":"garden_health","attributes":{"id":362,"reading_type":"light","reading":293.0,"created_at":"2020-11-06T15:34:42.012Z"}}}'
  recorded_at: Wed, 18 Nov 2020 23:44:16 GMT
- request:
    method: get
    uri: https://solar-garden-be.herokuapp.com/api/v1/garden_healths/364
    body:
      encoding: US-ASCII
      string: ''
    headers:
      User-Agent:
      - Faraday v1.1.0
      Accept-Encoding:
      - gzip;q=1.0,deflate;q=0.6,identity;q=0.3
      Accept:
      - "*/*"
  response:
    status:
      code: 200
      message: OK
    headers:
      Server:
      - Cowboy
      Date:
      - Wed, 18 Nov 2020 23:44:16 GMT
      Connection:
      - keep-alive
      Content-Type:
      - application/json; charset=utf-8
      Etag:
      - W/"d3124b327901e91714c084a1177a637f"
      Cache-Control:
      - max-age=0, private, must-revalidate
      X-Request-Id:
      - 1cb15a2f-bf2a-476c-a0a3-76760751a346
      X-Runtime:
      - '0.009818'
      Vary:
      - Origin
      Transfer-Encoding:
      - chunked
      Via:
      - 1.1 vegur
    body:
      encoding: UTF-8
      string: '{"data":{"id":"364","type":"garden_health","attributes":{"id":364,"reading_type":"light","reading":287.0,"created_at":"2020-11-06T15:34:45.029Z"}}}'
  recorded_at: Wed, 18 Nov 2020 23:44:17 GMT
- request:
    method: get
    uri: https://solar-garden-be.herokuapp.com/api/v1/garden_healths/366
    body:
      encoding: US-ASCII
      string: ''
    headers:
      User-Agent:
      - Faraday v1.1.0
      Accept-Encoding:
      - gzip;q=1.0,deflate;q=0.6,identity;q=0.3
      Accept:
      - "*/*"
  response:
    status:
      code: 200
      message: OK
    headers:
      Server:
      - Cowboy
      Date:
      - Wed, 18 Nov 2020 23:44:16 GMT
      Connection:
      - keep-alive
      Content-Type:
      - application/json; charset=utf-8
      Etag:
      - W/"123ccd41c7e51666328d8abc6b52c346"
      Cache-Control:
      - max-age=0, private, must-revalidate
      X-Request-Id:
      - 9b0c5329-241e-46ab-95ad-7c97dcb05a48
      X-Runtime:
      - '0.007557'
      Vary:
      - Origin
      Transfer-Encoding:
      - chunked
      Via:
      - 1.1 vegur
    body:
      encoding: UTF-8
      string: '{"data":{"id":"366","type":"garden_health","attributes":{"id":366,"reading_type":"light","reading":286.0,"created_at":"2020-11-06T15:34:48.097Z"}}}'
  recorded_at: Wed, 18 Nov 2020 23:44:17 GMT
- request:
    method: get
    uri: https://solar-garden-be.herokuapp.com/api/v1/garden_healths/368
    body:
      encoding: US-ASCII
      string: ''
    headers:
      User-Agent:
      - Faraday v1.1.0
      Accept-Encoding:
      - gzip;q=1.0,deflate;q=0.6,identity;q=0.3
      Accept:
      - "*/*"
  response:
    status:
      code: 200
      message: OK
    headers:
      Server:
      - Cowboy
      Date:
      - Wed, 18 Nov 2020 23:44:17 GMT
      Connection:
      - keep-alive
      Content-Type:
      - application/json; charset=utf-8
      Etag:
      - W/"049fac25949874b33391b337c3cdd07e"
      Cache-Control:
      - max-age=0, private, must-revalidate
      X-Request-Id:
      - 4fb7eb31-aaa8-4c9a-b7e3-b71b606c68ba
      X-Runtime:
      - '0.007093'
      Vary:
      - Origin
      Transfer-Encoding:
      - chunked
      Via:
      - 1.1 vegur
    body:
      encoding: UTF-8
      string: '{"data":{"id":"368","type":"garden_health","attributes":{"id":368,"reading_type":"light","reading":287.0,"created_at":"2020-11-06T15:34:51.088Z"}}}'
  recorded_at: Wed, 18 Nov 2020 23:44:17 GMT
- request:
    method: get
    uri: https://solar-garden-be.herokuapp.com/api/v1/garden_healths/370
    body:
      encoding: US-ASCII
      string: ''
    headers:
      User-Agent:
      - Faraday v1.1.0
      Accept-Encoding:
      - gzip;q=1.0,deflate;q=0.6,identity;q=0.3
      Accept:
      - "*/*"
  response:
    status:
      code: 200
      message: OK
    headers:
      Server:
      - Cowboy
      Date:
      - Wed, 18 Nov 2020 23:44:17 GMT
      Connection:
      - keep-alive
      Content-Type:
      - application/json; charset=utf-8
      Etag:
      - W/"967239faa3bb8e44345ca188d5930c99"
      Cache-Control:
      - max-age=0, private, must-revalidate
      X-Request-Id:
      - 59cb2182-37e7-4ce9-86c1-22c10d16edb7
      X-Runtime:
      - '0.006472'
      Vary:
      - Origin
      Transfer-Encoding:
      - chunked
      Via:
      - 1.1 vegur
    body:
      encoding: UTF-8
      string: '{"data":{"id":"370","type":"garden_health","attributes":{"id":370,"reading_type":"light","reading":282.0,"created_at":"2020-11-06T15:34:54.090Z"}}}'
  recorded_at: Wed, 18 Nov 2020 23:44:17 GMT
- request:
    method: get
    uri: https://solar-garden-be.herokuapp.com/api/v1/garden_healths/372
    body:
      encoding: US-ASCII
      string: ''
    headers:
      User-Agent:
      - Faraday v1.1.0
      Accept-Encoding:
      - gzip;q=1.0,deflate;q=0.6,identity;q=0.3
      Accept:
      - "*/*"
  response:
    status:
      code: 200
      message: OK
    headers:
      Server:
      - Cowboy
      Date:
      - Wed, 18 Nov 2020 23:44:17 GMT
      Connection:
      - keep-alive
      Content-Type:
      - application/json; charset=utf-8
      Etag:
      - W/"57e76ed8d06e5012876deafa78a784aa"
      Cache-Control:
      - max-age=0, private, must-revalidate
      X-Request-Id:
      - c0c96609-4467-4410-bdb4-c90f88a44b18
      X-Runtime:
      - '0.005815'
      Vary:
      - Origin
      Transfer-Encoding:
      - chunked
      Via:
      - 1.1 vegur
    body:
      encoding: UTF-8
      string: '{"data":{"id":"372","type":"garden_health","attributes":{"id":372,"reading_type":"light","reading":284.0,"created_at":"2020-11-06T15:34:57.084Z"}}}'
  recorded_at: Wed, 18 Nov 2020 23:44:18 GMT
- request:
    method: get
    uri: https://solar-garden-be.herokuapp.com/api/v1/garden_healths/374
    body:
      encoding: US-ASCII
      string: ''
    headers:
      User-Agent:
      - Faraday v1.1.0
      Accept-Encoding:
      - gzip;q=1.0,deflate;q=0.6,identity;q=0.3
      Accept:
      - "*/*"
  response:
    status:
      code: 200
      message: OK
    headers:
      Server:
      - Cowboy
      Date:
      - Wed, 18 Nov 2020 23:44:18 GMT
      Connection:
      - keep-alive
      Content-Type:
      - application/json; charset=utf-8
      Etag:
      - W/"6bb2b64968213832980aa5242248f618"
      Cache-Control:
      - max-age=0, private, must-revalidate
      X-Request-Id:
      - 8de5b73a-69e8-4c64-86ad-cdb77e7383e3
      X-Runtime:
      - '0.005970'
      Vary:
      - Origin
      Transfer-Encoding:
      - chunked
      Via:
      - 1.1 vegur
    body:
      encoding: UTF-8
      string: '{"data":{"id":"374","type":"garden_health","attributes":{"id":374,"reading_type":"light","reading":282.0,"created_at":"2020-11-06T15:35:00.099Z"}}}'
  recorded_at: Wed, 18 Nov 2020 23:44:18 GMT
- request:
    method: get
    uri: https://solar-garden-be.herokuapp.com/api/v1/garden_healths/376
    body:
      encoding: US-ASCII
      string: ''
    headers:
      User-Agent:
      - Faraday v1.1.0
      Accept-Encoding:
      - gzip;q=1.0,deflate;q=0.6,identity;q=0.3
      Accept:
      - "*/*"
  response:
    status:
      code: 200
      message: OK
    headers:
      Server:
      - Cowboy
      Date:
      - Wed, 18 Nov 2020 23:44:18 GMT
      Connection:
      - keep-alive
      Content-Type:
      - application/json; charset=utf-8
      Etag:
      - W/"805389eeea7298c90cd6b1e56bde1192"
      Cache-Control:
      - max-age=0, private, must-revalidate
      X-Request-Id:
      - 722e55c5-6fc3-4e88-93a2-21704c3747ee
      X-Runtime:
      - '0.007383'
      Vary:
      - Origin
      Transfer-Encoding:
      - chunked
      Via:
      - 1.1 vegur
    body:
      encoding: UTF-8
      string: '{"data":{"id":"376","type":"garden_health","attributes":{"id":376,"reading_type":"light","reading":285.0,"created_at":"2020-11-06T15:35:03.112Z"}}}'
  recorded_at: Wed, 18 Nov 2020 23:44:18 GMT
- request:
    method: get
    uri: https://solar-garden-be.herokuapp.com/api/v1/garden_healths/378
    body:
      encoding: US-ASCII
      string: ''
    headers:
      User-Agent:
      - Faraday v1.1.0
      Accept-Encoding:
      - gzip;q=1.0,deflate;q=0.6,identity;q=0.3
      Accept:
      - "*/*"
  response:
    status:
      code: 200
      message: OK
    headers:
      Server:
      - Cowboy
      Date:
      - Wed, 18 Nov 2020 23:44:18 GMT
      Connection:
      - keep-alive
      Content-Type:
      - application/json; charset=utf-8
      Etag:
      - W/"593237f552c9e1a93293215c2e7ae38e"
      Cache-Control:
      - max-age=0, private, must-revalidate
      X-Request-Id:
      - 9f24d9b4-a595-4f9c-9cd2-e65a26ca1416
      X-Runtime:
      - '0.007718'
      Vary:
      - Origin
      Transfer-Encoding:
      - chunked
      Via:
      - 1.1 vegur
    body:
      encoding: UTF-8
      string: '{"data":{"id":"378","type":"garden_health","attributes":{"id":378,"reading_type":"light","reading":290.0,"created_at":"2020-11-06T15:35:06.125Z"}}}'
  recorded_at: Wed, 18 Nov 2020 23:44:19 GMT
- request:
    method: get
    uri: https://solar-garden-be.herokuapp.com/api/v1/garden_healths/380
    body:
      encoding: US-ASCII
      string: ''
    headers:
      User-Agent:
      - Faraday v1.1.0
      Accept-Encoding:
      - gzip;q=1.0,deflate;q=0.6,identity;q=0.3
      Accept:
      - "*/*"
  response:
    status:
      code: 200
      message: OK
    headers:
      Server:
      - Cowboy
      Date:
      - Wed, 18 Nov 2020 23:44:19 GMT
      Connection:
      - keep-alive
      Content-Type:
      - application/json; charset=utf-8
      Etag:
      - W/"c06592caa367ae8e36cbfc93e406a279"
      Cache-Control:
      - max-age=0, private, must-revalidate
      X-Request-Id:
      - 4fc5974d-31da-4569-838e-c918f63a8fa8
      X-Runtime:
      - '0.007174'
      Vary:
      - Origin
      Transfer-Encoding:
      - chunked
      Via:
      - 1.1 vegur
    body:
      encoding: UTF-8
      string: '{"data":{"id":"380","type":"garden_health","attributes":{"id":380,"reading_type":"light","reading":289.0,"created_at":"2020-11-06T15:35:09.119Z"}}}'
  recorded_at: Wed, 18 Nov 2020 23:44:19 GMT
- request:
    method: get
    uri: https://solar-garden-be.herokuapp.com/api/v1/garden_healths/382
    body:
      encoding: US-ASCII
      string: ''
    headers:
      User-Agent:
      - Faraday v1.1.0
      Accept-Encoding:
      - gzip;q=1.0,deflate;q=0.6,identity;q=0.3
      Accept:
      - "*/*"
  response:
    status:
      code: 200
      message: OK
    headers:
      Server:
      - Cowboy
      Date:
      - Wed, 18 Nov 2020 23:44:19 GMT
      Connection:
      - keep-alive
      Content-Type:
      - application/json; charset=utf-8
      Etag:
      - W/"b7ccabd08edaf11ba1df5bc54d194d2a"
      Cache-Control:
      - max-age=0, private, must-revalidate
      X-Request-Id:
      - 01cb9cfb-62fd-4025-8fc5-2e73b6f53026
      X-Runtime:
      - '0.005745'
      Vary:
      - Origin
      Transfer-Encoding:
      - chunked
      Via:
      - 1.1 vegur
    body:
      encoding: UTF-8
      string: '{"data":{"id":"382","type":"garden_health","attributes":{"id":382,"reading_type":"light","reading":294.0,"created_at":"2020-11-06T15:35:12.129Z"}}}'
  recorded_at: Wed, 18 Nov 2020 23:44:19 GMT
- request:
    method: get
    uri: https://solar-garden-be.herokuapp.com/api/v1/garden_healths/384
    body:
      encoding: US-ASCII
      string: ''
    headers:
      User-Agent:
      - Faraday v1.1.0
      Accept-Encoding:
      - gzip;q=1.0,deflate;q=0.6,identity;q=0.3
      Accept:
      - "*/*"
  response:
    status:
      code: 200
      message: OK
    headers:
      Server:
      - Cowboy
      Date:
      - Wed, 18 Nov 2020 23:44:19 GMT
      Connection:
      - keep-alive
      Content-Type:
      - application/json; charset=utf-8
      Etag:
      - W/"9361010c720350c52296cfb4b893b29a"
      Cache-Control:
      - max-age=0, private, must-revalidate
      X-Request-Id:
      - 7fe4f83f-59b8-4872-9f9c-c219b7b0826c
      X-Runtime:
      - '0.006464'
      Vary:
      - Origin
      Transfer-Encoding:
      - chunked
      Via:
      - 1.1 vegur
    body:
      encoding: UTF-8
      string: '{"data":{"id":"384","type":"garden_health","attributes":{"id":384,"reading_type":"light","reading":303.0,"created_at":"2020-11-06T15:35:15.192Z"}}}'
  recorded_at: Wed, 18 Nov 2020 23:44:20 GMT
- request:
    method: get
    uri: https://solar-garden-be.herokuapp.com/api/v1/garden_healths/386
    body:
      encoding: US-ASCII
      string: ''
    headers:
      User-Agent:
      - Faraday v1.1.0
      Accept-Encoding:
      - gzip;q=1.0,deflate;q=0.6,identity;q=0.3
      Accept:
      - "*/*"
  response:
    status:
      code: 200
      message: OK
    headers:
      Server:
      - Cowboy
      Date:
      - Wed, 18 Nov 2020 23:44:19 GMT
      Connection:
      - keep-alive
      Content-Type:
      - application/json; charset=utf-8
      Etag:
      - W/"97ec2170f9eae60aefee92cd7c5d69a6"
      Cache-Control:
      - max-age=0, private, must-revalidate
      X-Request-Id:
      - 25961e5a-03cc-4465-a95c-6cca6e70c365
      X-Runtime:
      - '0.007604'
      Vary:
      - Origin
      Transfer-Encoding:
      - chunked
      Via:
      - 1.1 vegur
    body:
      encoding: UTF-8
      string: '{"data":{"id":"386","type":"garden_health","attributes":{"id":386,"reading_type":"light","reading":308.0,"created_at":"2020-11-06T15:35:18.202Z"}}}'
  recorded_at: Wed, 18 Nov 2020 23:44:20 GMT
- request:
    method: get
    uri: https://solar-garden-be.herokuapp.com/api/v1/garden_healths/388
    body:
      encoding: US-ASCII
      string: ''
    headers:
      User-Agent:
      - Faraday v1.1.0
      Accept-Encoding:
      - gzip;q=1.0,deflate;q=0.6,identity;q=0.3
      Accept:
      - "*/*"
  response:
    status:
      code: 200
      message: OK
    headers:
      Server:
      - Cowboy
      Date:
      - Wed, 18 Nov 2020 23:44:19 GMT
      Connection:
      - keep-alive
      Content-Type:
      - application/json; charset=utf-8
      Etag:
      - W/"478edd5c936701380daee36783aa61bf"
      Cache-Control:
      - max-age=0, private, must-revalidate
      X-Request-Id:
      - a6750c43-36d2-4208-b685-e9c7df1f948f
      X-Runtime:
      - '0.007289'
      Vary:
      - Origin
      Transfer-Encoding:
      - chunked
      Via:
      - 1.1 vegur
    body:
      encoding: UTF-8
      string: '{"data":{"id":"388","type":"garden_health","attributes":{"id":388,"reading_type":"light","reading":310.0,"created_at":"2020-11-06T15:35:21.337Z"}}}'
  recorded_at: Wed, 18 Nov 2020 23:44:20 GMT
- request:
    method: get
    uri: https://solar-garden-be.herokuapp.com/api/v1/garden_healths/390
    body:
      encoding: US-ASCII
      string: ''
    headers:
      User-Agent:
      - Faraday v1.1.0
      Accept-Encoding:
      - gzip;q=1.0,deflate;q=0.6,identity;q=0.3
      Accept:
      - "*/*"
  response:
    status:
      code: 200
      message: OK
    headers:
      Server:
      - Cowboy
      Date:
      - Wed, 18 Nov 2020 23:44:20 GMT
      Connection:
      - keep-alive
      Content-Type:
      - application/json; charset=utf-8
      Etag:
      - W/"8b058a4c7bb894d16be26c7b77c6e71e"
      Cache-Control:
      - max-age=0, private, must-revalidate
      X-Request-Id:
      - 175e4612-8404-46d7-9e04-26f8ce0651f3
      X-Runtime:
      - '0.006921'
      Vary:
      - Origin
      Transfer-Encoding:
      - chunked
      Via:
      - 1.1 vegur
    body:
      encoding: UTF-8
      string: '{"data":{"id":"390","type":"garden_health","attributes":{"id":390,"reading_type":"light","reading":311.0,"created_at":"2020-11-06T15:35:24.333Z"}}}'
  recorded_at: Wed, 18 Nov 2020 23:44:20 GMT
- request:
    method: get
    uri: https://solar-garden-be.herokuapp.com/api/v1/garden_healths/392
    body:
      encoding: US-ASCII
      string: ''
    headers:
      User-Agent:
      - Faraday v1.1.0
      Accept-Encoding:
      - gzip;q=1.0,deflate;q=0.6,identity;q=0.3
      Accept:
      - "*/*"
  response:
    status:
      code: 200
      message: OK
    headers:
      Server:
      - Cowboy
      Date:
      - Wed, 18 Nov 2020 23:44:20 GMT
      Connection:
      - keep-alive
      Content-Type:
      - application/json; charset=utf-8
      Etag:
      - W/"b96c1b05d484f294e41238334e26eadd"
      Cache-Control:
      - max-age=0, private, must-revalidate
      X-Request-Id:
      - ca6ac2b9-0160-49e1-a313-75cb689a1dfa
      X-Runtime:
      - '0.006434'
      Vary:
      - Origin
      Transfer-Encoding:
      - chunked
      Via:
      - 1.1 vegur
    body:
      encoding: UTF-8
      string: '{"data":{"id":"392","type":"garden_health","attributes":{"id":392,"reading_type":"light","reading":313.0,"created_at":"2020-11-06T15:35:27.329Z"}}}'
  recorded_at: Wed, 18 Nov 2020 23:44:21 GMT
- request:
    method: get
    uri: https://solar-garden-be.herokuapp.com/api/v1/garden_healths/394
    body:
      encoding: US-ASCII
      string: ''
    headers:
      User-Agent:
      - Faraday v1.1.0
      Accept-Encoding:
      - gzip;q=1.0,deflate;q=0.6,identity;q=0.3
      Accept:
      - "*/*"
  response:
    status:
      code: 200
      message: OK
    headers:
      Server:
      - Cowboy
      Date:
      - Wed, 18 Nov 2020 23:44:20 GMT
      Connection:
      - keep-alive
      Content-Type:
      - application/json; charset=utf-8
      Etag:
      - W/"cf1099bb564845bbe0e8d5fcf8c95981"
      Cache-Control:
      - max-age=0, private, must-revalidate
      X-Request-Id:
      - 1a6bb426-4d9a-4b73-9cad-9e365e329b21
      X-Runtime:
      - '0.005537'
      Vary:
      - Origin
      Transfer-Encoding:
      - chunked
      Via:
      - 1.1 vegur
    body:
      encoding: UTF-8
      string: '{"data":{"id":"394","type":"garden_health","attributes":{"id":394,"reading_type":"light","reading":313.0,"created_at":"2020-11-06T15:35:30.294Z"}}}'
  recorded_at: Wed, 18 Nov 2020 23:44:21 GMT
- request:
    method: get
    uri: https://solar-garden-be.herokuapp.com/api/v1/garden_healths/396
    body:
      encoding: US-ASCII
      string: ''
    headers:
      User-Agent:
      - Faraday v1.1.0
      Accept-Encoding:
      - gzip;q=1.0,deflate;q=0.6,identity;q=0.3
      Accept:
      - "*/*"
  response:
    status:
      code: 200
      message: OK
    headers:
      Server:
      - Cowboy
      Date:
      - Wed, 18 Nov 2020 23:44:21 GMT
      Connection:
      - keep-alive
      Content-Type:
      - application/json; charset=utf-8
      Etag:
      - W/"96ccad3ad2915af4930169c2c30be41f"
      Cache-Control:
      - max-age=0, private, must-revalidate
      X-Request-Id:
      - ecf80bd5-27a2-472f-aa55-fb12297daa15
      X-Runtime:
      - '0.009500'
      Vary:
      - Origin
      Transfer-Encoding:
      - chunked
      Via:
      - 1.1 vegur
    body:
      encoding: UTF-8
      string: '{"data":{"id":"396","type":"garden_health","attributes":{"id":396,"reading_type":"light","reading":311.0,"created_at":"2020-11-06T15:35:33.339Z"}}}'
  recorded_at: Wed, 18 Nov 2020 23:44:21 GMT
- request:
    method: get
    uri: https://solar-garden-be.herokuapp.com/api/v1/garden_healths/398
    body:
      encoding: US-ASCII
      string: ''
    headers:
      User-Agent:
      - Faraday v1.1.0
      Accept-Encoding:
      - gzip;q=1.0,deflate;q=0.6,identity;q=0.3
      Accept:
      - "*/*"
  response:
    status:
      code: 200
      message: OK
    headers:
      Server:
      - Cowboy
      Date:
      - Wed, 18 Nov 2020 23:44:21 GMT
      Connection:
      - keep-alive
      Content-Type:
      - application/json; charset=utf-8
      Etag:
      - W/"0bc9ad3b93548224ff093426ac2ae3b5"
      Cache-Control:
      - max-age=0, private, must-revalidate
      X-Request-Id:
      - 45698d53-a374-4798-9e48-c4f6a3b586bc
      X-Runtime:
      - '0.007219'
      Vary:
      - Origin
      Transfer-Encoding:
      - chunked
      Via:
      - 1.1 vegur
    body:
      encoding: UTF-8
      string: '{"data":{"id":"398","type":"garden_health","attributes":{"id":398,"reading_type":"light","reading":309.0,"created_at":"2020-11-06T15:35:36.337Z"}}}'
  recorded_at: Wed, 18 Nov 2020 23:44:22 GMT
- request:
    method: get
    uri: https://solar-garden-be.herokuapp.com/api/v1/garden_healths/400
    body:
      encoding: US-ASCII
      string: ''
    headers:
      User-Agent:
      - Faraday v1.1.0
      Accept-Encoding:
      - gzip;q=1.0,deflate;q=0.6,identity;q=0.3
      Accept:
      - "*/*"
  response:
    status:
      code: 200
      message: OK
    headers:
      Server:
      - Cowboy
      Date:
      - Wed, 18 Nov 2020 23:44:21 GMT
      Connection:
      - keep-alive
      Content-Type:
      - application/json; charset=utf-8
      Etag:
      - W/"5280731b560466be74f0a68568f8a96c"
      Cache-Control:
      - max-age=0, private, must-revalidate
      X-Request-Id:
      - 540f9f36-b04f-43a1-9163-ee123c560da3
      X-Runtime:
      - '0.007596'
      Vary:
      - Origin
      Transfer-Encoding:
      - chunked
      Via:
      - 1.1 vegur
    body:
      encoding: UTF-8
      string: '{"data":{"id":"400","type":"garden_health","attributes":{"id":400,"reading_type":"light","reading":298.0,"created_at":"2020-11-06T15:35:39.357Z"}}}'
  recorded_at: Wed, 18 Nov 2020 23:44:22 GMT
- request:
    method: get
    uri: https://solar-garden-be.herokuapp.com/api/v1/garden_healths/402
    body:
      encoding: US-ASCII
      string: ''
    headers:
      User-Agent:
      - Faraday v1.1.0
      Accept-Encoding:
      - gzip;q=1.0,deflate;q=0.6,identity;q=0.3
      Accept:
      - "*/*"
  response:
    status:
      code: 200
      message: OK
    headers:
      Server:
      - Cowboy
      Date:
      - Wed, 18 Nov 2020 23:44:22 GMT
      Connection:
      - keep-alive
      Content-Type:
      - application/json; charset=utf-8
      Etag:
      - W/"0d165fb24e25d8681bfac7875c96e1b3"
      Cache-Control:
      - max-age=0, private, must-revalidate
      X-Request-Id:
      - 4633b5a6-5f87-452d-9f64-22a42324409f
      X-Runtime:
      - '0.006987'
      Vary:
      - Origin
      Transfer-Encoding:
      - chunked
      Via:
      - 1.1 vegur
    body:
      encoding: UTF-8
      string: '{"data":{"id":"402","type":"garden_health","attributes":{"id":402,"reading_type":"light","reading":303.0,"created_at":"2020-11-06T15:35:42.532Z"}}}'
  recorded_at: Wed, 18 Nov 2020 23:44:22 GMT
- request:
    method: get
    uri: https://solar-garden-be.herokuapp.com/api/v1/garden_healths/404
    body:
      encoding: US-ASCII
      string: ''
    headers:
      User-Agent:
      - Faraday v1.1.0
      Accept-Encoding:
      - gzip;q=1.0,deflate;q=0.6,identity;q=0.3
      Accept:
      - "*/*"
  response:
    status:
      code: 200
      message: OK
    headers:
      Server:
      - Cowboy
      Date:
      - Wed, 18 Nov 2020 23:44:22 GMT
      Connection:
      - keep-alive
      Content-Type:
      - application/json; charset=utf-8
      Etag:
      - W/"f8b3adb339741656801f91a0bbcb4146"
      Cache-Control:
      - max-age=0, private, must-revalidate
      X-Request-Id:
      - 5587fecf-3d00-42f4-a16f-3eab6ce96eec
      X-Runtime:
      - '0.006108'
      Vary:
      - Origin
      Transfer-Encoding:
      - chunked
      Via:
      - 1.1 vegur
    body:
      encoding: UTF-8
      string: '{"data":{"id":"404","type":"garden_health","attributes":{"id":404,"reading_type":"light","reading":310.0,"created_at":"2020-11-06T15:35:45.538Z"}}}'
  recorded_at: Wed, 18 Nov 2020 23:44:23 GMT
- request:
    method: get
    uri: https://solar-garden-be.herokuapp.com/api/v1/garden_healths/406
    body:
      encoding: US-ASCII
      string: ''
    headers:
      User-Agent:
      - Faraday v1.1.0
      Accept-Encoding:
      - gzip;q=1.0,deflate;q=0.6,identity;q=0.3
      Accept:
      - "*/*"
  response:
    status:
      code: 200
      message: OK
    headers:
      Server:
      - Cowboy
      Date:
      - Wed, 18 Nov 2020 23:44:22 GMT
      Connection:
      - keep-alive
      Content-Type:
      - application/json; charset=utf-8
      Etag:
      - W/"aed86957312e07a6221eae2739cf8738"
      Cache-Control:
      - max-age=0, private, must-revalidate
      X-Request-Id:
      - 2f188816-a4c8-470d-8a36-a5555745b52a
      X-Runtime:
      - '0.005816'
      Vary:
      - Origin
      Transfer-Encoding:
      - chunked
      Via:
      - 1.1 vegur
    body:
      encoding: UTF-8
      string: '{"data":{"id":"406","type":"garden_health","attributes":{"id":406,"reading_type":"light","reading":308.0,"created_at":"2020-11-06T15:35:48.542Z"}}}'
  recorded_at: Wed, 18 Nov 2020 23:44:23 GMT
- request:
    method: get
    uri: https://solar-garden-be.herokuapp.com/api/v1/garden_healths/408
    body:
      encoding: US-ASCII
      string: ''
    headers:
      User-Agent:
      - Faraday v1.1.0
      Accept-Encoding:
      - gzip;q=1.0,deflate;q=0.6,identity;q=0.3
      Accept:
      - "*/*"
  response:
    status:
      code: 200
      message: OK
    headers:
      Server:
      - Cowboy
      Date:
      - Wed, 18 Nov 2020 23:44:23 GMT
      Connection:
      - keep-alive
      Content-Type:
      - application/json; charset=utf-8
      Etag:
      - W/"87e70dd08e59d5cc04ec4bddea3d6bd8"
      Cache-Control:
      - max-age=0, private, must-revalidate
      X-Request-Id:
      - d0472dfd-ce05-48fc-9a00-74fa8593896b
      X-Runtime:
      - '0.005504'
      Vary:
      - Origin
      Transfer-Encoding:
      - chunked
      Via:
      - 1.1 vegur
    body:
      encoding: UTF-8
      string: '{"data":{"id":"408","type":"garden_health","attributes":{"id":408,"reading_type":"light","reading":311.0,"created_at":"2020-11-06T15:35:51.557Z"}}}'
  recorded_at: Wed, 18 Nov 2020 23:44:23 GMT
- request:
    method: get
    uri: https://solar-garden-be.herokuapp.com/api/v1/garden_healths/410
    body:
      encoding: US-ASCII
      string: ''
    headers:
      User-Agent:
      - Faraday v1.1.0
      Accept-Encoding:
      - gzip;q=1.0,deflate;q=0.6,identity;q=0.3
      Accept:
      - "*/*"
  response:
    status:
      code: 200
      message: OK
    headers:
      Server:
      - Cowboy
      Date:
      - Wed, 18 Nov 2020 23:44:23 GMT
      Connection:
      - keep-alive
      Content-Type:
      - application/json; charset=utf-8
      Etag:
      - W/"2476355096b09c1c94c72f290e76779d"
      Cache-Control:
      - max-age=0, private, must-revalidate
      X-Request-Id:
      - f7f252c5-92db-4c2a-acdf-140c1be48d66
      X-Runtime:
      - '0.005601'
      Vary:
      - Origin
      Transfer-Encoding:
      - chunked
      Via:
      - 1.1 vegur
    body:
      encoding: UTF-8
      string: '{"data":{"id":"410","type":"garden_health","attributes":{"id":410,"reading_type":"light","reading":309.0,"created_at":"2020-11-06T15:35:54.566Z"}}}'
  recorded_at: Wed, 18 Nov 2020 23:44:24 GMT
- request:
    method: get
    uri: https://solar-garden-be.herokuapp.com/api/v1/garden_healths/412
    body:
      encoding: US-ASCII
      string: ''
    headers:
      User-Agent:
      - Faraday v1.1.0
      Accept-Encoding:
      - gzip;q=1.0,deflate;q=0.6,identity;q=0.3
      Accept:
      - "*/*"
  response:
    status:
      code: 200
      message: OK
    headers:
      Server:
      - Cowboy
      Date:
      - Wed, 18 Nov 2020 23:44:24 GMT
      Connection:
      - keep-alive
      Content-Type:
      - application/json; charset=utf-8
      Etag:
      - W/"2980ce0de068033d44e9557bf170f771"
      Cache-Control:
      - max-age=0, private, must-revalidate
      X-Request-Id:
      - 7d57dc23-fac4-4009-8cbe-fac5eaea55e1
      X-Runtime:
      - '0.007532'
      Vary:
      - Origin
      Transfer-Encoding:
      - chunked
      Via:
      - 1.1 vegur
    body:
      encoding: UTF-8
      string: '{"data":{"id":"412","type":"garden_health","attributes":{"id":412,"reading_type":"light","reading":312.0,"created_at":"2020-11-06T15:35:59.363Z"}}}'
  recorded_at: Wed, 18 Nov 2020 23:44:24 GMT
- request:
    method: get
    uri: https://solar-garden-be.herokuapp.com/api/v1/garden_healths/414
    body:
      encoding: US-ASCII
      string: ''
    headers:
      User-Agent:
      - Faraday v1.1.0
      Accept-Encoding:
      - gzip;q=1.0,deflate;q=0.6,identity;q=0.3
      Accept:
      - "*/*"
  response:
    status:
      code: 200
      message: OK
    headers:
      Server:
      - Cowboy
      Date:
      - Wed, 18 Nov 2020 23:44:24 GMT
      Connection:
      - keep-alive
      Content-Type:
      - application/json; charset=utf-8
      Etag:
      - W/"174f5fcb9742fce04c957f5a5822465a"
      Cache-Control:
      - max-age=0, private, must-revalidate
      X-Request-Id:
      - 979a2171-41d2-4087-939c-35bf4676ec06
      X-Runtime:
      - '0.005549'
      Vary:
      - Origin
      Transfer-Encoding:
      - chunked
      Via:
      - 1.1 vegur
    body:
      encoding: UTF-8
      string: '{"data":{"id":"414","type":"garden_health","attributes":{"id":414,"reading_type":"light","reading":215.0,"created_at":"2020-11-06T15:36:02.395Z"}}}'
  recorded_at: Wed, 18 Nov 2020 23:44:24 GMT
- request:
    method: get
    uri: https://solar-garden-be.herokuapp.com/api/v1/garden_healths/416
    body:
      encoding: US-ASCII
      string: ''
    headers:
      User-Agent:
      - Faraday v1.1.0
      Accept-Encoding:
      - gzip;q=1.0,deflate;q=0.6,identity;q=0.3
      Accept:
      - "*/*"
  response:
    status:
      code: 200
      message: OK
    headers:
      Server:
      - Cowboy
      Date:
      - Wed, 18 Nov 2020 23:44:24 GMT
      Connection:
      - keep-alive
      Content-Type:
      - application/json; charset=utf-8
      Etag:
      - W/"f37b9f5d24a04898c308be54231e5ac5"
      Cache-Control:
      - max-age=0, private, must-revalidate
      X-Request-Id:
      - ebf2333e-4f6c-406b-b786-d53f55dbf177
      X-Runtime:
      - '0.005577'
      Vary:
      - Origin
      Transfer-Encoding:
      - chunked
      Via:
      - 1.1 vegur
    body:
      encoding: UTF-8
      string: '{"data":{"id":"416","type":"garden_health","attributes":{"id":416,"reading_type":"light","reading":158.0,"created_at":"2020-11-06T15:36:05.418Z"}}}'
  recorded_at: Wed, 18 Nov 2020 23:44:25 GMT
- request:
    method: get
    uri: https://solar-garden-be.herokuapp.com/api/v1/garden_healths/418
    body:
      encoding: US-ASCII
      string: ''
    headers:
      User-Agent:
      - Faraday v1.1.0
      Accept-Encoding:
      - gzip;q=1.0,deflate;q=0.6,identity;q=0.3
      Accept:
      - "*/*"
  response:
    status:
      code: 200
      message: OK
    headers:
      Server:
      - Cowboy
      Date:
      - Wed, 18 Nov 2020 23:44:24 GMT
      Connection:
      - keep-alive
      Content-Type:
      - application/json; charset=utf-8
      Etag:
      - W/"60ef8da8fedb16457ec8012f3c6c72f5"
      Cache-Control:
      - max-age=0, private, must-revalidate
      X-Request-Id:
      - 3532ca67-b684-4818-b96a-54d6e56c7cb4
      X-Runtime:
      - '0.006047'
      Vary:
      - Origin
      Transfer-Encoding:
      - chunked
      Via:
      - 1.1 vegur
    body:
      encoding: UTF-8
      string: '{"data":{"id":"418","type":"garden_health","attributes":{"id":418,"reading_type":"light","reading":158.0,"created_at":"2020-11-06T15:36:08.418Z"}}}'
  recorded_at: Wed, 18 Nov 2020 23:44:25 GMT
- request:
    method: get
    uri: https://solar-garden-be.herokuapp.com/api/v1/garden_healths/420
    body:
      encoding: US-ASCII
      string: ''
    headers:
      User-Agent:
      - Faraday v1.1.0
      Accept-Encoding:
      - gzip;q=1.0,deflate;q=0.6,identity;q=0.3
      Accept:
      - "*/*"
  response:
    status:
      code: 200
      message: OK
    headers:
      Server:
      - Cowboy
      Date:
      - Wed, 18 Nov 2020 23:44:25 GMT
      Connection:
      - keep-alive
      Content-Type:
      - application/json; charset=utf-8
      Etag:
      - W/"d7a86214d688f9c03e65977a812bbf89"
      Cache-Control:
      - max-age=0, private, must-revalidate
      X-Request-Id:
      - 3150b8f0-6191-4bcc-94d1-4a80c05a6269
      X-Runtime:
      - '0.007129'
      Vary:
      - Origin
      Transfer-Encoding:
      - chunked
      Via:
      - 1.1 vegur
    body:
      encoding: UTF-8
      string: '{"data":{"id":"420","type":"garden_health","attributes":{"id":420,"reading_type":"light","reading":194.0,"created_at":"2020-11-06T15:36:11.423Z"}}}'
  recorded_at: Wed, 18 Nov 2020 23:44:25 GMT
- request:
    method: get
    uri: https://solar-garden-be.herokuapp.com/api/v1/garden_healths/422
    body:
      encoding: US-ASCII
      string: ''
    headers:
      User-Agent:
      - Faraday v1.1.0
      Accept-Encoding:
      - gzip;q=1.0,deflate;q=0.6,identity;q=0.3
      Accept:
      - "*/*"
  response:
    status:
      code: 200
      message: OK
    headers:
      Server:
      - Cowboy
      Date:
      - Wed, 18 Nov 2020 23:44:25 GMT
      Connection:
      - keep-alive
      Content-Type:
      - application/json; charset=utf-8
      Etag:
      - W/"9349ea920bf9988fd0a3c67f196a3e1a"
      Cache-Control:
      - max-age=0, private, must-revalidate
      X-Request-Id:
      - 06bec484-880c-4c2f-b30a-cf6b99368eeb
      X-Runtime:
      - '0.007074'
      Vary:
      - Origin
      Transfer-Encoding:
      - chunked
      Via:
      - 1.1 vegur
    body:
      encoding: UTF-8
      string: '{"data":{"id":"422","type":"garden_health","attributes":{"id":422,"reading_type":"light","reading":203.0,"created_at":"2020-11-06T15:36:14.422Z"}}}'
  recorded_at: Wed, 18 Nov 2020 23:44:25 GMT
- request:
    method: get
    uri: https://solar-garden-be.herokuapp.com/api/v1/garden_healths/424
    body:
      encoding: US-ASCII
      string: ''
    headers:
      User-Agent:
      - Faraday v1.1.0
      Accept-Encoding:
      - gzip;q=1.0,deflate;q=0.6,identity;q=0.3
      Accept:
      - "*/*"
  response:
    status:
      code: 200
      message: OK
    headers:
      Server:
      - Cowboy
      Date:
      - Wed, 18 Nov 2020 23:44:25 GMT
      Connection:
      - keep-alive
      Content-Type:
      - application/json; charset=utf-8
      Etag:
      - W/"30b5086e34f576f61e64c8a7c38d945f"
      Cache-Control:
      - max-age=0, private, must-revalidate
      X-Request-Id:
      - 5c90ed38-636c-459d-8a64-0d3ed4058521
      X-Runtime:
      - '0.006338'
      Vary:
      - Origin
      Transfer-Encoding:
      - chunked
      Via:
      - 1.1 vegur
    body:
      encoding: UTF-8
      string: '{"data":{"id":"424","type":"garden_health","attributes":{"id":424,"reading_type":"light","reading":219.0,"created_at":"2020-11-06T15:36:17.417Z"}}}'
  recorded_at: Wed, 18 Nov 2020 23:44:26 GMT
- request:
    method: get
    uri: https://solar-garden-be.herokuapp.com/api/v1/garden_healths/426
    body:
      encoding: US-ASCII
      string: ''
    headers:
      User-Agent:
      - Faraday v1.1.0
      Accept-Encoding:
      - gzip;q=1.0,deflate;q=0.6,identity;q=0.3
      Accept:
      - "*/*"
  response:
    status:
      code: 200
      message: OK
    headers:
      Server:
      - Cowboy
      Date:
      - Wed, 18 Nov 2020 23:44:25 GMT
      Connection:
      - keep-alive
      Content-Type:
      - application/json; charset=utf-8
      Etag:
      - W/"fd2a8570900952d884e7048a3d613d60"
      Cache-Control:
      - max-age=0, private, must-revalidate
      X-Request-Id:
      - 9f1345ed-95a0-4be7-b457-1487c2c4a121
      X-Runtime:
      - '0.018213'
      Vary:
      - Origin
      Transfer-Encoding:
      - chunked
      Via:
      - 1.1 vegur
    body:
      encoding: UTF-8
      string: '{"data":{"id":"426","type":"garden_health","attributes":{"id":426,"reading_type":"light","reading":219.0,"created_at":"2020-11-06T15:36:20.466Z"}}}'
  recorded_at: Wed, 18 Nov 2020 23:44:26 GMT
- request:
    method: get
    uri: https://solar-garden-be.herokuapp.com/api/v1/garden_healths/428
    body:
      encoding: US-ASCII
      string: ''
    headers:
      User-Agent:
      - Faraday v1.1.0
      Accept-Encoding:
      - gzip;q=1.0,deflate;q=0.6,identity;q=0.3
      Accept:
      - "*/*"
  response:
    status:
      code: 200
      message: OK
    headers:
      Server:
      - Cowboy
      Date:
      - Wed, 18 Nov 2020 23:44:26 GMT
      Connection:
      - keep-alive
      Content-Type:
      - application/json; charset=utf-8
      Etag:
      - W/"e39371a4b61bf1ac9f1e61874424ce94"
      Cache-Control:
      - max-age=0, private, must-revalidate
      X-Request-Id:
      - cdf3333d-5a62-4261-b71c-5d560fa908d5
      X-Runtime:
      - '0.007765'
      Vary:
      - Origin
      Transfer-Encoding:
      - chunked
      Via:
      - 1.1 vegur
    body:
      encoding: UTF-8
      string: '{"data":{"id":"428","type":"garden_health","attributes":{"id":428,"reading_type":"light","reading":215.0,"created_at":"2020-11-06T15:36:23.498Z"}}}'
  recorded_at: Wed, 18 Nov 2020 23:44:26 GMT
- request:
    method: get
    uri: https://solar-garden-be.herokuapp.com/api/v1/garden_healths/430
    body:
      encoding: US-ASCII
      string: ''
    headers:
      User-Agent:
      - Faraday v1.1.0
      Accept-Encoding:
      - gzip;q=1.0,deflate;q=0.6,identity;q=0.3
      Accept:
      - "*/*"
  response:
    status:
      code: 200
      message: OK
    headers:
      Server:
      - Cowboy
      Date:
      - Wed, 18 Nov 2020 23:44:26 GMT
      Connection:
      - keep-alive
      Content-Type:
      - application/json; charset=utf-8
      Etag:
      - W/"af80301bbeb2483447a7f5d98f8608a1"
      Cache-Control:
      - max-age=0, private, must-revalidate
      X-Request-Id:
      - 8495413d-319e-4ce1-8933-5fe264891f0c
      X-Runtime:
      - '0.006039'
      Vary:
      - Origin
      Transfer-Encoding:
      - chunked
      Via:
      - 1.1 vegur
    body:
      encoding: UTF-8
      string: '{"data":{"id":"430","type":"garden_health","attributes":{"id":430,"reading_type":"light","reading":231.0,"created_at":"2020-11-06T15:36:26.501Z"}}}'
  recorded_at: Wed, 18 Nov 2020 23:44:27 GMT
- request:
    method: get
    uri: https://solar-garden-be.herokuapp.com/api/v1/garden_healths/432
    body:
      encoding: US-ASCII
      string: ''
    headers:
      User-Agent:
      - Faraday v1.1.0
      Accept-Encoding:
      - gzip;q=1.0,deflate;q=0.6,identity;q=0.3
      Accept:
      - "*/*"
  response:
    status:
      code: 200
      message: OK
    headers:
      Server:
      - Cowboy
      Date:
      - Wed, 18 Nov 2020 23:44:26 GMT
      Connection:
      - keep-alive
      Content-Type:
      - application/json; charset=utf-8
      Etag:
      - W/"4156d74a5b07c9d4de03c4c645b0b20b"
      Cache-Control:
      - max-age=0, private, must-revalidate
      X-Request-Id:
      - 37d61134-20c5-4342-9a96-ade26765390b
      X-Runtime:
      - '0.006316'
      Vary:
      - Origin
      Transfer-Encoding:
      - chunked
      Via:
      - 1.1 vegur
    body:
      encoding: UTF-8
      string: '{"data":{"id":"432","type":"garden_health","attributes":{"id":432,"reading_type":"light","reading":225.0,"created_at":"2020-11-06T15:36:29.507Z"}}}'
  recorded_at: Wed, 18 Nov 2020 23:44:27 GMT
- request:
    method: get
    uri: https://solar-garden-be.herokuapp.com/api/v1/garden_healths/434
    body:
      encoding: US-ASCII
      string: ''
    headers:
      User-Agent:
      - Faraday v1.1.0
      Accept-Encoding:
      - gzip;q=1.0,deflate;q=0.6,identity;q=0.3
      Accept:
      - "*/*"
  response:
    status:
      code: 200
      message: OK
    headers:
      Server:
      - Cowboy
      Date:
      - Wed, 18 Nov 2020 23:44:27 GMT
      Connection:
      - keep-alive
      Content-Type:
      - application/json; charset=utf-8
      Etag:
      - W/"36b289bc6b19c8b3958d4fbd0dbe2b1e"
      Cache-Control:
      - max-age=0, private, must-revalidate
      X-Request-Id:
      - 1d7db1b2-aaa7-485a-be16-04d8d0c5943b
      X-Runtime:
      - '0.006309'
      Vary:
      - Origin
      Transfer-Encoding:
      - chunked
      Via:
      - 1.1 vegur
    body:
      encoding: UTF-8
      string: '{"data":{"id":"434","type":"garden_health","attributes":{"id":434,"reading_type":"light","reading":225.0,"created_at":"2020-11-06T15:36:32.509Z"}}}'
  recorded_at: Wed, 18 Nov 2020 23:44:27 GMT
- request:
    method: get
    uri: https://solar-garden-be.herokuapp.com/api/v1/garden_healths/57
    body:
      encoding: US-ASCII
      string: ''
    headers:
      User-Agent:
      - Faraday v1.1.0
      Accept-Encoding:
      - gzip;q=1.0,deflate;q=0.6,identity;q=0.3
      Accept:
      - "*/*"
  response:
    status:
      code: 200
      message: OK
    headers:
      Server:
      - Cowboy
      Date:
      - Wed, 18 Nov 2020 23:44:27 GMT
      Connection:
      - keep-alive
      Content-Type:
      - application/json; charset=utf-8
      Etag:
      - W/"5ddb228cf2af1920a956ff78eadfd3b7"
      Cache-Control:
      - max-age=0, private, must-revalidate
      X-Request-Id:
      - 162d33a2-a106-401c-aedd-3e8ad8cb6d79
      X-Runtime:
      - '0.010721'
      Vary:
      - Origin
      Transfer-Encoding:
      - chunked
      Via:
      - 1.1 vegur
    body:
      encoding: UTF-8
      string: '{"data":{"id":"57","type":"garden_health","attributes":{"id":57,"reading_type":null,"reading":99.0,"created_at":"2020-11-04T00:00:00.000Z"}}}'
  recorded_at: Wed, 18 Nov 2020 23:44:28 GMT
- request:
    method: get
    uri: https://solar-garden-be.herokuapp.com/api/v1/garden_healths/58
    body:
      encoding: US-ASCII
      string: ''
    headers:
      User-Agent:
      - Faraday v1.1.0
      Accept-Encoding:
      - gzip;q=1.0,deflate;q=0.6,identity;q=0.3
      Accept:
      - "*/*"
  response:
    status:
      code: 200
      message: OK
    headers:
      Server:
      - Cowboy
      Date:
      - Wed, 18 Nov 2020 23:44:27 GMT
      Connection:
      - keep-alive
      Content-Type:
      - application/json; charset=utf-8
      Etag:
      - W/"c21493c8230e49ec5e536bef42404019"
      Cache-Control:
      - max-age=0, private, must-revalidate
      X-Request-Id:
      - d3d6ca2d-d24f-4ee4-bdca-a7266d1409e3
      X-Runtime:
      - '0.006578'
      Vary:
      - Origin
      Transfer-Encoding:
      - chunked
      Via:
      - 1.1 vegur
    body:
      encoding: UTF-8
      string: '{"data":{"id":"58","type":"garden_health","attributes":{"id":58,"reading_type":null,"reading":680.0,"created_at":"2020-11-03T00:00:00.000Z"}}}'
  recorded_at: Wed, 18 Nov 2020 23:44:28 GMT
- request:
    method: get
    uri: https://solar-garden-be.herokuapp.com/api/v1/garden_healths/363
    body:
      encoding: US-ASCII
      string: ''
    headers:
      User-Agent:
      - Faraday v1.1.0
      Accept-Encoding:
      - gzip;q=1.0,deflate;q=0.6,identity;q=0.3
      Accept:
      - "*/*"
  response:
    status:
      code: 200
      message: OK
    headers:
      Server:
      - Cowboy
      Date:
      - Wed, 18 Nov 2020 23:44:28 GMT
      Connection:
      - keep-alive
      Content-Type:
      - application/json; charset=utf-8
      Etag:
      - W/"0b0367bededdb0e0c66e8b13c6a2f00f"
      Cache-Control:
      - max-age=0, private, must-revalidate
      X-Request-Id:
      - bd672be4-68c6-434b-a9f7-90042071e6dc
      X-Runtime:
      - '0.006674'
      Vary:
      - Origin
      Transfer-Encoding:
      - chunked
      Via:
      - 1.1 vegur
    body:
      encoding: UTF-8
      string: '{"data":{"id":"363","type":"garden_health","attributes":{"id":363,"reading_type":"moisture","reading":22.0,"created_at":"2020-11-06T15:34:42.623Z"}}}'
  recorded_at: Wed, 18 Nov 2020 23:44:28 GMT
- request:
    method: get
    uri: https://solar-garden-be.herokuapp.com/api/v1/garden_healths/365
    body:
      encoding: US-ASCII
      string: ''
    headers:
      User-Agent:
      - Faraday v1.1.0
      Accept-Encoding:
      - gzip;q=1.0,deflate;q=0.6,identity;q=0.3
      Accept:
      - "*/*"
  response:
    status:
      code: 200
      message: OK
    headers:
      Server:
      - Cowboy
      Date:
      - Wed, 18 Nov 2020 23:44:28 GMT
      Connection:
      - keep-alive
      Content-Type:
      - application/json; charset=utf-8
      Etag:
      - W/"8bc4bbe8bd137b70204a42ace1feb93c"
      Cache-Control:
      - max-age=0, private, must-revalidate
      X-Request-Id:
      - 458b55ae-1585-49b4-a1c0-20782f88b4c6
      X-Runtime:
      - '0.006379'
      Vary:
      - Origin
      Transfer-Encoding:
      - chunked
      Via:
      - 1.1 vegur
    body:
      encoding: UTF-8
      string: '{"data":{"id":"365","type":"garden_health","attributes":{"id":365,"reading_type":"moisture","reading":22.0,"created_at":"2020-11-06T15:34:45.685Z"}}}'
  recorded_at: Wed, 18 Nov 2020 23:44:29 GMT
- request:
    method: get
    uri: https://solar-garden-be.herokuapp.com/api/v1/garden_healths/367
    body:
      encoding: US-ASCII
      string: ''
    headers:
      User-Agent:
      - Faraday v1.1.0
      Accept-Encoding:
      - gzip;q=1.0,deflate;q=0.6,identity;q=0.3
      Accept:
      - "*/*"
  response:
    status:
      code: 200
      message: OK
    headers:
      Server:
      - Cowboy
      Date:
      - Wed, 18 Nov 2020 23:44:29 GMT
      Connection:
      - keep-alive
      Content-Type:
      - application/json; charset=utf-8
      Etag:
      - W/"e4acdea9b220c08f4c686396fe39876b"
      Cache-Control:
      - max-age=0, private, must-revalidate
      X-Request-Id:
      - 7a27f2f4-c7b6-430a-ac6e-0b13e026cea9
      X-Runtime:
      - '0.009532'
      Vary:
      - Origin
      Transfer-Encoding:
      - chunked
      Via:
      - 1.1 vegur
    body:
      encoding: UTF-8
      string: '{"data":{"id":"367","type":"garden_health","attributes":{"id":367,"reading_type":"moisture","reading":22.0,"created_at":"2020-11-06T15:34:48.688Z"}}}'
  recorded_at: Wed, 18 Nov 2020 23:44:29 GMT
- request:
    method: get
    uri: https://solar-garden-be.herokuapp.com/api/v1/garden_healths/369
    body:
      encoding: US-ASCII
      string: ''
    headers:
      User-Agent:
      - Faraday v1.1.0
      Accept-Encoding:
      - gzip;q=1.0,deflate;q=0.6,identity;q=0.3
      Accept:
      - "*/*"
  response:
    status:
      code: 200
      message: OK
    headers:
      Server:
      - Cowboy
      Date:
      - Wed, 18 Nov 2020 23:44:29 GMT
      Connection:
      - keep-alive
      Content-Type:
      - application/json; charset=utf-8
      Etag:
      - W/"9f09e74bede3a0648a0ed0c47b80b3d4"
      Cache-Control:
      - max-age=0, private, must-revalidate
      X-Request-Id:
      - a843667d-34d7-41e2-bc8e-a61e7d3bc575
      X-Runtime:
      - '0.008103'
      Vary:
      - Origin
      Transfer-Encoding:
      - chunked
      Via:
      - 1.1 vegur
    body:
      encoding: UTF-8
      string: '{"data":{"id":"369","type":"garden_health","attributes":{"id":369,"reading_type":"moisture","reading":22.0,"created_at":"2020-11-06T15:34:51.689Z"}}}'
  recorded_at: Wed, 18 Nov 2020 23:44:29 GMT
- request:
    method: get
    uri: https://solar-garden-be.herokuapp.com/api/v1/garden_healths/371
    body:
      encoding: US-ASCII
      string: ''
    headers:
      User-Agent:
      - Faraday v1.1.0
      Accept-Encoding:
      - gzip;q=1.0,deflate;q=0.6,identity;q=0.3
      Accept:
      - "*/*"
  response:
    status:
      code: 200
      message: OK
    headers:
      Server:
      - Cowboy
      Date:
      - Wed, 18 Nov 2020 23:44:29 GMT
      Connection:
      - keep-alive
      Content-Type:
      - application/json; charset=utf-8
      Etag:
      - W/"515928a33cc47a9430bc9c7f4d6f21b0"
      Cache-Control:
      - max-age=0, private, must-revalidate
      X-Request-Id:
      - 1ee0a72b-ecf7-4aca-9b88-81b21e36b9b7
      X-Runtime:
      - '0.008492'
      Vary:
      - Origin
      Transfer-Encoding:
      - chunked
      Via:
      - 1.1 vegur
    body:
      encoding: UTF-8
      string: '{"data":{"id":"371","type":"garden_health","attributes":{"id":371,"reading_type":"moisture","reading":22.0,"created_at":"2020-11-06T15:34:54.686Z"}}}'
  recorded_at: Wed, 18 Nov 2020 23:44:30 GMT
- request:
    method: get
    uri: https://solar-garden-be.herokuapp.com/api/v1/garden_healths/373
    body:
      encoding: US-ASCII
      string: ''
    headers:
      User-Agent:
      - Faraday v1.1.0
      Accept-Encoding:
      - gzip;q=1.0,deflate;q=0.6,identity;q=0.3
      Accept:
      - "*/*"
  response:
    status:
      code: 200
      message: OK
    headers:
      Server:
      - Cowboy
      Date:
      - Wed, 18 Nov 2020 23:44:29 GMT
      Connection:
      - keep-alive
      Content-Type:
      - application/json; charset=utf-8
      Etag:
      - W/"e711a50618d6def2ad6f8658a718c7b7"
      Cache-Control:
      - max-age=0, private, must-revalidate
      X-Request-Id:
      - f142ac0a-3dc2-440d-b4c5-38b214868430
      X-Runtime:
      - '0.010575'
      Vary:
      - Origin
      Transfer-Encoding:
      - chunked
      Via:
      - 1.1 vegur
    body:
      encoding: UTF-8
      string: '{"data":{"id":"373","type":"garden_health","attributes":{"id":373,"reading_type":"moisture","reading":22.0,"created_at":"2020-11-06T15:34:57.686Z"}}}'
  recorded_at: Wed, 18 Nov 2020 23:44:30 GMT
- request:
    method: get
    uri: https://solar-garden-be.herokuapp.com/api/v1/garden_healths/375
    body:
      encoding: US-ASCII
      string: ''
    headers:
      User-Agent:
      - Faraday v1.1.0
      Accept-Encoding:
      - gzip;q=1.0,deflate;q=0.6,identity;q=0.3
      Accept:
      - "*/*"
  response:
    status:
      code: 200
      message: OK
    headers:
      Server:
      - Cowboy
      Date:
      - Wed, 18 Nov 2020 23:44:30 GMT
      Connection:
      - keep-alive
      Content-Type:
      - application/json; charset=utf-8
      Etag:
      - W/"b9cd4f973548ffb8656f8071b7ba949e"
      Cache-Control:
      - max-age=0, private, must-revalidate
      X-Request-Id:
      - d06981fe-ead6-40dd-8ef8-49febbd465f8
      X-Runtime:
      - '0.006813'
      Vary:
      - Origin
      Transfer-Encoding:
      - chunked
      Via:
      - 1.1 vegur
    body:
      encoding: UTF-8
      string: '{"data":{"id":"375","type":"garden_health","attributes":{"id":375,"reading_type":"moisture","reading":22.0,"created_at":"2020-11-06T15:35:00.715Z"}}}'
  recorded_at: Wed, 18 Nov 2020 23:44:30 GMT
- request:
    method: get
    uri: https://solar-garden-be.herokuapp.com/api/v1/garden_healths/377
    body:
      encoding: US-ASCII
      string: ''
    headers:
      User-Agent:
      - Faraday v1.1.0
      Accept-Encoding:
      - gzip;q=1.0,deflate;q=0.6,identity;q=0.3
      Accept:
      - "*/*"
  response:
    status:
      code: 200
      message: OK
    headers:
      Server:
      - Cowboy
      Date:
      - Wed, 18 Nov 2020 23:44:30 GMT
      Connection:
      - keep-alive
      Content-Type:
      - application/json; charset=utf-8
      Etag:
      - W/"6a3da39c009712f3484404acef0c904d"
      Cache-Control:
      - max-age=0, private, must-revalidate
      X-Request-Id:
      - 0ae880dc-aefc-4593-9cb1-b1d6f39e0365
      X-Runtime:
      - '0.006895'
      Vary:
      - Origin
      Transfer-Encoding:
      - chunked
      Via:
      - 1.1 vegur
    body:
      encoding: UTF-8
      string: '{"data":{"id":"377","type":"garden_health","attributes":{"id":377,"reading_type":"moisture","reading":22.0,"created_at":"2020-11-06T15:35:03.717Z"}}}'
  recorded_at: Wed, 18 Nov 2020 23:44:31 GMT
- request:
    method: get
    uri: https://solar-garden-be.herokuapp.com/api/v1/garden_healths/379
    body:
      encoding: US-ASCII
      string: ''
    headers:
      User-Agent:
      - Faraday v1.1.0
      Accept-Encoding:
      - gzip;q=1.0,deflate;q=0.6,identity;q=0.3
      Accept:
      - "*/*"
  response:
    status:
      code: 200
      message: OK
    headers:
      Server:
      - Cowboy
      Date:
      - Wed, 18 Nov 2020 23:44:30 GMT
      Connection:
      - keep-alive
      Content-Type:
      - application/json; charset=utf-8
      Etag:
      - W/"df70be4a4e7b3383e9142c91668f2034"
      Cache-Control:
      - max-age=0, private, must-revalidate
      X-Request-Id:
      - 1b3b7f9b-362a-4744-b05b-6b41f56d5c49
      X-Runtime:
      - '0.006327'
      Vary:
      - Origin
      Transfer-Encoding:
      - chunked
      Via:
      - 1.1 vegur
    body:
      encoding: UTF-8
      string: '{"data":{"id":"379","type":"garden_health","attributes":{"id":379,"reading_type":"moisture","reading":22.0,"created_at":"2020-11-06T15:35:06.717Z"}}}'
  recorded_at: Wed, 18 Nov 2020 23:44:31 GMT
- request:
    method: get
    uri: https://solar-garden-be.herokuapp.com/api/v1/garden_healths/381
    body:
      encoding: US-ASCII
      string: ''
    headers:
      User-Agent:
      - Faraday v1.1.0
      Accept-Encoding:
      - gzip;q=1.0,deflate;q=0.6,identity;q=0.3
      Accept:
      - "*/*"
  response:
    status:
      code: 200
      message: OK
    headers:
      Server:
      - Cowboy
      Date:
      - Wed, 18 Nov 2020 23:44:33 GMT
      Connection:
      - keep-alive
      Content-Type:
      - application/json; charset=utf-8
      Etag:
      - W/"5818d29662361d893e86cf390226b132"
      Cache-Control:
      - max-age=0, private, must-revalidate
      X-Request-Id:
      - 2feb4faf-02fb-49c3-828f-f95a25c9b7c2
      X-Runtime:
      - '0.010625'
      Vary:
      - Origin
      Transfer-Encoding:
      - chunked
      Via:
      - 1.1 vegur
    body:
      encoding: UTF-8
      string: '{"data":{"id":"381","type":"garden_health","attributes":{"id":381,"reading_type":"moisture","reading":22.0,"created_at":"2020-11-06T15:35:09.729Z"}}}'
  recorded_at: Wed, 18 Nov 2020 23:44:33 GMT
- request:
    method: get
    uri: https://solar-garden-be.herokuapp.com/api/v1/garden_healths/383
    body:
      encoding: US-ASCII
      string: ''
    headers:
      User-Agent:
      - Faraday v1.1.0
      Accept-Encoding:
      - gzip;q=1.0,deflate;q=0.6,identity;q=0.3
      Accept:
      - "*/*"
  response:
    status:
      code: 200
      message: OK
    headers:
      Server:
      - Cowboy
      Date:
      - Wed, 18 Nov 2020 23:44:34 GMT
      Connection:
      - keep-alive
      Content-Type:
      - application/json; charset=utf-8
      Etag:
      - W/"61eb0a176d733609e1ac3f441198e337"
      Cache-Control:
      - max-age=0, private, must-revalidate
      X-Request-Id:
      - 43fedc61-efe9-419c-8985-11437ab8ec39
      X-Runtime:
      - '0.007638'
      Vary:
      - Origin
      Transfer-Encoding:
      - chunked
      Via:
      - 1.1 vegur
    body:
      encoding: UTF-8
      string: '{"data":{"id":"383","type":"garden_health","attributes":{"id":383,"reading_type":"moisture","reading":22.0,"created_at":"2020-11-06T15:35:12.746Z"}}}'
  recorded_at: Wed, 18 Nov 2020 23:44:34 GMT
- request:
    method: get
    uri: https://solar-garden-be.herokuapp.com/api/v1/garden_healths/385
    body:
      encoding: US-ASCII
      string: ''
    headers:
      User-Agent:
      - Faraday v1.1.0
      Accept-Encoding:
      - gzip;q=1.0,deflate;q=0.6,identity;q=0.3
      Accept:
      - "*/*"
  response:
    status:
      code: 200
      message: OK
    headers:
      Server:
      - Cowboy
      Date:
      - Wed, 18 Nov 2020 23:44:34 GMT
      Connection:
      - keep-alive
      Content-Type:
      - application/json; charset=utf-8
      Etag:
      - W/"bf596a23a4061d41b77034cd0e4065f5"
      Cache-Control:
      - max-age=0, private, must-revalidate
      X-Request-Id:
      - 72b452b1-d33d-4b1f-86bb-dea1ea02cdb7
      X-Runtime:
      - '0.007847'
      Vary:
      - Origin
      Transfer-Encoding:
      - chunked
      Via:
      - 1.1 vegur
    body:
      encoding: UTF-8
      string: '{"data":{"id":"385","type":"garden_health","attributes":{"id":385,"reading_type":"moisture","reading":22.0,"created_at":"2020-11-06T15:35:15.801Z"}}}'
  recorded_at: Wed, 18 Nov 2020 23:44:35 GMT
- request:
    method: get
    uri: https://solar-garden-be.herokuapp.com/api/v1/garden_healths/387
    body:
      encoding: US-ASCII
      string: ''
    headers:
      User-Agent:
      - Faraday v1.1.0
      Accept-Encoding:
      - gzip;q=1.0,deflate;q=0.6,identity;q=0.3
      Accept:
      - "*/*"
  response:
    status:
      code: 200
      message: OK
    headers:
      Server:
      - Cowboy
      Date:
      - Wed, 18 Nov 2020 23:44:35 GMT
      Connection:
      - keep-alive
      Content-Type:
      - application/json; charset=utf-8
      Etag:
      - W/"95aa3616a0b50dc35e208d5a1363d505"
      Cache-Control:
      - max-age=0, private, must-revalidate
      X-Request-Id:
      - 05f8fbe6-0724-4eda-9972-5c64d8f0d257
      X-Runtime:
      - '0.008499'
      Vary:
      - Origin
      Transfer-Encoding:
      - chunked
      Via:
      - 1.1 vegur
    body:
      encoding: UTF-8
      string: '{"data":{"id":"387","type":"garden_health","attributes":{"id":387,"reading_type":"moisture","reading":22.0,"created_at":"2020-11-06T15:35:18.904Z"}}}'
  recorded_at: Wed, 18 Nov 2020 23:44:35 GMT
- request:
    method: get
    uri: https://solar-garden-be.herokuapp.com/api/v1/garden_healths/389
    body:
      encoding: US-ASCII
      string: ''
    headers:
      User-Agent:
      - Faraday v1.1.0
      Accept-Encoding:
      - gzip;q=1.0,deflate;q=0.6,identity;q=0.3
      Accept:
      - "*/*"
  response:
    status:
      code: 200
      message: OK
    headers:
      Server:
      - Cowboy
      Date:
      - Wed, 18 Nov 2020 23:44:35 GMT
      Connection:
      - keep-alive
      Content-Type:
      - application/json; charset=utf-8
      Etag:
      - W/"dc8d42727906e4a8f712c44b8a2e8f11"
      Cache-Control:
      - max-age=0, private, must-revalidate
      X-Request-Id:
      - cfbf5d57-6c8c-43e0-8afb-182b0db93108
      X-Runtime:
      - '0.007524'
      Vary:
      - Origin
      Transfer-Encoding:
      - chunked
      Via:
      - 1.1 vegur
    body:
      encoding: UTF-8
      string: '{"data":{"id":"389","type":"garden_health","attributes":{"id":389,"reading_type":"moisture","reading":22.0,"created_at":"2020-11-06T15:35:21.934Z"}}}'
  recorded_at: Wed, 18 Nov 2020 23:44:35 GMT
- request:
    method: get
    uri: https://solar-garden-be.herokuapp.com/api/v1/garden_healths/391
    body:
      encoding: US-ASCII
      string: ''
    headers:
      User-Agent:
      - Faraday v1.1.0
      Accept-Encoding:
      - gzip;q=1.0,deflate;q=0.6,identity;q=0.3
      Accept:
      - "*/*"
  response:
    status:
      code: 200
      message: OK
    headers:
      Server:
      - Cowboy
      Date:
      - Wed, 18 Nov 2020 23:44:35 GMT
      Connection:
      - keep-alive
      Content-Type:
      - application/json; charset=utf-8
      Etag:
      - W/"c5c7624caf3365767ac6b82a26bc29db"
      Cache-Control:
      - max-age=0, private, must-revalidate
      X-Request-Id:
      - 27a3eec3-1c67-4163-ac7d-74c16111acb7
      X-Runtime:
      - '0.011390'
      Vary:
      - Origin
      Transfer-Encoding:
      - chunked
      Via:
      - 1.1 vegur
    body:
      encoding: UTF-8
      string: '{"data":{"id":"391","type":"garden_health","attributes":{"id":391,"reading_type":"moisture","reading":22.0,"created_at":"2020-11-06T15:35:24.927Z"}}}'
  recorded_at: Wed, 18 Nov 2020 23:44:36 GMT
- request:
    method: get
    uri: https://solar-garden-be.herokuapp.com/api/v1/garden_healths/393
    body:
      encoding: US-ASCII
      string: ''
    headers:
      User-Agent:
      - Faraday v1.1.0
      Accept-Encoding:
      - gzip;q=1.0,deflate;q=0.6,identity;q=0.3
      Accept:
      - "*/*"
  response:
    status:
      code: 200
      message: OK
    headers:
      Server:
      - Cowboy
      Date:
      - Wed, 18 Nov 2020 23:44:35 GMT
      Connection:
      - keep-alive
      Content-Type:
      - application/json; charset=utf-8
      Etag:
      - W/"99d552b058318640d0ea85c81dfee6bd"
      Cache-Control:
      - max-age=0, private, must-revalidate
      X-Request-Id:
      - 7f1b8f4f-9118-4d33-bd60-64a46255079b
      X-Runtime:
      - '0.008042'
      Vary:
      - Origin
      Transfer-Encoding:
      - chunked
      Via:
      - 1.1 vegur
    body:
      encoding: UTF-8
      string: '{"data":{"id":"393","type":"garden_health","attributes":{"id":393,"reading_type":"moisture","reading":22.0,"created_at":"2020-11-06T15:35:27.920Z"}}}'
  recorded_at: Wed, 18 Nov 2020 23:44:36 GMT
- request:
    method: get
    uri: https://solar-garden-be.herokuapp.com/api/v1/garden_healths/395
    body:
      encoding: US-ASCII
      string: ''
    headers:
      User-Agent:
      - Faraday v1.1.0
      Accept-Encoding:
      - gzip;q=1.0,deflate;q=0.6,identity;q=0.3
      Accept:
      - "*/*"
  response:
    status:
      code: 200
      message: OK
    headers:
      Server:
      - Cowboy
      Date:
      - Wed, 18 Nov 2020 23:44:36 GMT
      Connection:
      - keep-alive
      Content-Type:
      - application/json; charset=utf-8
      Etag:
      - W/"6874ce515010763a9c0ca18f4d45e9c1"
      Cache-Control:
      - max-age=0, private, must-revalidate
      X-Request-Id:
      - 7b9c6832-c618-418b-bf62-bf9611e576c3
      X-Runtime:
      - '0.014561'
      Vary:
      - Origin
      Transfer-Encoding:
      - chunked
      Via:
      - 1.1 vegur
    body:
      encoding: UTF-8
      string: '{"data":{"id":"395","type":"garden_health","attributes":{"id":395,"reading_type":"moisture","reading":22.0,"created_at":"2020-11-06T15:35:30.933Z"}}}'
  recorded_at: Wed, 18 Nov 2020 23:44:36 GMT
- request:
    method: get
    uri: https://solar-garden-be.herokuapp.com/api/v1/garden_healths/397
    body:
      encoding: US-ASCII
      string: ''
    headers:
      User-Agent:
      - Faraday v1.1.0
      Accept-Encoding:
      - gzip;q=1.0,deflate;q=0.6,identity;q=0.3
      Accept:
      - "*/*"
  response:
    status:
      code: 200
      message: OK
    headers:
      Server:
      - Cowboy
      Date:
      - Wed, 18 Nov 2020 23:44:36 GMT
      Connection:
      - keep-alive
      Content-Type:
      - application/json; charset=utf-8
      Etag:
      - W/"8ad1b32ba7044d0cce0aecc9adf28c04"
      Cache-Control:
      - max-age=0, private, must-revalidate
      X-Request-Id:
      - 9a8b5c00-b5e9-4df4-9ba7-5e1173614c69
      X-Runtime:
      - '0.014835'
      Vary:
      - Origin
      Transfer-Encoding:
      - chunked
      Via:
      - 1.1 vegur
    body:
      encoding: UTF-8
      string: '{"data":{"id":"397","type":"garden_health","attributes":{"id":397,"reading_type":"moisture","reading":22.0,"created_at":"2020-11-06T15:35:33.933Z"}}}'
  recorded_at: Wed, 18 Nov 2020 23:44:36 GMT
- request:
    method: get
    uri: https://solar-garden-be.herokuapp.com/api/v1/garden_healths/399
    body:
      encoding: US-ASCII
      string: ''
    headers:
      User-Agent:
      - Faraday v1.1.0
      Accept-Encoding:
      - gzip;q=1.0,deflate;q=0.6,identity;q=0.3
      Accept:
      - "*/*"
  response:
    status:
      code: 200
      message: OK
    headers:
      Server:
      - Cowboy
      Date:
      - Wed, 18 Nov 2020 23:44:37 GMT
      Connection:
      - keep-alive
      Content-Type:
      - application/json; charset=utf-8
      Etag:
      - W/"941bc84495d4d667064449caf0d7d80e"
      Cache-Control:
      - max-age=0, private, must-revalidate
      X-Request-Id:
      - b4954a4a-f4e4-4b33-8595-4145e3cd6d24
      X-Runtime:
      - '0.006446'
      Vary:
      - Origin
      Transfer-Encoding:
      - chunked
      Via:
      - 1.1 vegur
    body:
      encoding: UTF-8
      string: '{"data":{"id":"399","type":"garden_health","attributes":{"id":399,"reading_type":"moisture","reading":22.0,"created_at":"2020-11-06T15:35:36.941Z"}}}'
  recorded_at: Wed, 18 Nov 2020 23:44:37 GMT
- request:
    method: get
    uri: https://solar-garden-be.herokuapp.com/api/v1/garden_healths/401
    body:
      encoding: US-ASCII
      string: ''
    headers:
      User-Agent:
      - Faraday v1.1.0
      Accept-Encoding:
      - gzip;q=1.0,deflate;q=0.6,identity;q=0.3
      Accept:
      - "*/*"
  response:
    status:
      code: 200
      message: OK
    headers:
      Server:
      - Cowboy
      Date:
      - Wed, 18 Nov 2020 23:44:36 GMT
      Connection:
      - keep-alive
      Content-Type:
      - application/json; charset=utf-8
      Etag:
      - W/"8e0c6c8dc8c729e62b81013cf7836bb3"
      Cache-Control:
      - max-age=0, private, must-revalidate
      X-Request-Id:
      - 45cc5208-469b-4372-ba85-f9f508b1b0ba
      X-Runtime:
      - '0.009149'
      Vary:
      - Origin
      Transfer-Encoding:
      - chunked
      Via:
      - 1.1 vegur
    body:
      encoding: UTF-8
      string: '{"data":{"id":"401","type":"garden_health","attributes":{"id":401,"reading_type":"moisture","reading":22.0,"created_at":"2020-11-06T15:35:40.146Z"}}}'
  recorded_at: Wed, 18 Nov 2020 23:44:37 GMT
- request:
    method: get
    uri: https://solar-garden-be.herokuapp.com/api/v1/garden_healths/403
    body:
      encoding: US-ASCII
      string: ''
    headers:
      User-Agent:
      - Faraday v1.1.0
      Accept-Encoding:
      - gzip;q=1.0,deflate;q=0.6,identity;q=0.3
      Accept:
      - "*/*"
  response:
    status:
      code: 200
      message: OK
    headers:
      Server:
      - Cowboy
      Date:
      - Wed, 18 Nov 2020 23:44:36 GMT
      Connection:
      - keep-alive
      Content-Type:
      - application/json; charset=utf-8
      Etag:
      - W/"8549bacce1b175edfcd76a81fce5fedf"
      Cache-Control:
      - max-age=0, private, must-revalidate
      X-Request-Id:
      - cd98d624-104d-4b2a-9d64-a97bd0e758a8
      X-Runtime:
      - '0.018453'
      Vary:
      - Origin
      Transfer-Encoding:
      - chunked
      Via:
      - 1.1 vegur
    body:
      encoding: UTF-8
      string: '{"data":{"id":"403","type":"garden_health","attributes":{"id":403,"reading_type":"moisture","reading":22.0,"created_at":"2020-11-06T15:35:43.136Z"}}}'
  recorded_at: Wed, 18 Nov 2020 23:44:37 GMT
- request:
    method: get
    uri: https://solar-garden-be.herokuapp.com/api/v1/garden_healths/405
    body:
      encoding: US-ASCII
      string: ''
    headers:
      User-Agent:
      - Faraday v1.1.0
      Accept-Encoding:
      - gzip;q=1.0,deflate;q=0.6,identity;q=0.3
      Accept:
      - "*/*"
  response:
    status:
      code: 200
      message: OK
    headers:
      Server:
      - Cowboy
      Date:
      - Wed, 18 Nov 2020 23:44:37 GMT
      Connection:
      - keep-alive
      Content-Type:
      - application/json; charset=utf-8
      Etag:
      - W/"f9a3c6df3c5b22fb74362b9223fe4672"
      Cache-Control:
      - max-age=0, private, must-revalidate
      X-Request-Id:
      - 72b5d719-4418-45ae-9e61-6d39e8b4c8e0
      X-Runtime:
      - '0.007398'
      Vary:
      - Origin
      Transfer-Encoding:
      - chunked
      Via:
      - 1.1 vegur
    body:
      encoding: UTF-8
      string: '{"data":{"id":"405","type":"garden_health","attributes":{"id":405,"reading_type":"moisture","reading":22.0,"created_at":"2020-11-06T15:35:46.136Z"}}}'
  recorded_at: Wed, 18 Nov 2020 23:44:38 GMT
- request:
    method: get
    uri: https://solar-garden-be.herokuapp.com/api/v1/garden_healths/407
    body:
      encoding: US-ASCII
      string: ''
    headers:
      User-Agent:
      - Faraday v1.1.0
      Accept-Encoding:
      - gzip;q=1.0,deflate;q=0.6,identity;q=0.3
      Accept:
      - "*/*"
  response:
    status:
      code: 200
      message: OK
    headers:
      Server:
      - Cowboy
      Date:
      - Wed, 18 Nov 2020 23:44:37 GMT
      Connection:
      - keep-alive
      Content-Type:
      - application/json; charset=utf-8
      Etag:
      - W/"ab1b2de2513d55e04277341069aca2ed"
      Cache-Control:
      - max-age=0, private, must-revalidate
      X-Request-Id:
      - cfabb1fa-c89e-4000-94d2-e2637ca8847b
      X-Runtime:
      - '0.008687'
      Vary:
      - Origin
      Transfer-Encoding:
      - chunked
      Via:
      - 1.1 vegur
    body:
      encoding: UTF-8
      string: '{"data":{"id":"407","type":"garden_health","attributes":{"id":407,"reading_type":"moisture","reading":22.0,"created_at":"2020-11-06T15:35:49.151Z"}}}'
  recorded_at: Wed, 18 Nov 2020 23:44:38 GMT
- request:
    method: get
    uri: https://solar-garden-be.herokuapp.com/api/v1/garden_healths/409
    body:
      encoding: US-ASCII
      string: ''
    headers:
      User-Agent:
      - Faraday v1.1.0
      Accept-Encoding:
      - gzip;q=1.0,deflate;q=0.6,identity;q=0.3
      Accept:
      - "*/*"
  response:
    status:
      code: 200
      message: OK
    headers:
      Server:
      - Cowboy
      Date:
      - Wed, 18 Nov 2020 23:44:38 GMT
      Connection:
      - keep-alive
      Content-Type:
      - application/json; charset=utf-8
      Etag:
      - W/"5ac46d73036e50b7458e97557f596502"
      Cache-Control:
      - max-age=0, private, must-revalidate
      X-Request-Id:
      - 0e66f047-7d75-4fed-892d-4960c09d92ce
      X-Runtime:
      - '0.018293'
      Vary:
      - Origin
      Transfer-Encoding:
      - chunked
      Via:
      - 1.1 vegur
    body:
      encoding: UTF-8
      string: '{"data":{"id":"409","type":"garden_health","attributes":{"id":409,"reading_type":"moisture","reading":22.0,"created_at":"2020-11-06T15:35:52.165Z"}}}'
  recorded_at: Wed, 18 Nov 2020 23:44:38 GMT
- request:
    method: get
    uri: https://solar-garden-be.herokuapp.com/api/v1/garden_healths/411
    body:
      encoding: US-ASCII
      string: ''
    headers:
      User-Agent:
      - Faraday v1.1.0
      Accept-Encoding:
      - gzip;q=1.0,deflate;q=0.6,identity;q=0.3
      Accept:
      - "*/*"
  response:
    status:
      code: 200
      message: OK
    headers:
      Server:
      - Cowboy
      Date:
      - Wed, 18 Nov 2020 23:44:38 GMT
      Connection:
      - keep-alive
      Content-Type:
      - application/json; charset=utf-8
      Etag:
      - W/"1ad2492af8ed99cc725f7bbe797d1726"
      Cache-Control:
      - max-age=0, private, must-revalidate
      X-Request-Id:
      - 9f1ba4e2-e5f6-48ed-94d1-82ab0db31fc0
      X-Runtime:
      - '0.023805'
      Vary:
      - Origin
      Transfer-Encoding:
      - chunked
      Via:
      - 1.1 vegur
    body:
      encoding: UTF-8
      string: '{"data":{"id":"411","type":"garden_health","attributes":{"id":411,"reading_type":"moisture","reading":22.0,"created_at":"2020-11-06T15:35:55.166Z"}}}'
  recorded_at: Wed, 18 Nov 2020 23:44:39 GMT
- request:
    method: get
    uri: https://solar-garden-be.herokuapp.com/api/v1/garden_healths/413
    body:
      encoding: US-ASCII
      string: ''
    headers:
      User-Agent:
      - Faraday v1.1.0
      Accept-Encoding:
      - gzip;q=1.0,deflate;q=0.6,identity;q=0.3
      Accept:
      - "*/*"
  response:
    status:
      code: 200
      message: OK
    headers:
      Server:
      - Cowboy
      Date:
      - Wed, 18 Nov 2020 23:44:38 GMT
      Connection:
      - keep-alive
      Content-Type:
      - application/json; charset=utf-8
      Etag:
      - W/"f3a8d6759f6d573eacf43decc0bef41a"
      Cache-Control:
      - max-age=0, private, must-revalidate
      X-Request-Id:
      - 9171c5d9-8fd1-4313-a01d-4fac7b370794
      X-Runtime:
      - '0.010505'
      Vary:
      - Origin
      Transfer-Encoding:
      - chunked
      Via:
      - 1.1 vegur
    body:
      encoding: UTF-8
      string: '{"data":{"id":"413","type":"garden_health","attributes":{"id":413,"reading_type":"moisture","reading":22.0,"created_at":"2020-11-06T15:35:59.988Z"}}}'
  recorded_at: Wed, 18 Nov 2020 23:44:39 GMT
- request:
    method: get
    uri: https://solar-garden-be.herokuapp.com/api/v1/garden_healths/415
    body:
      encoding: US-ASCII
      string: ''
    headers:
      User-Agent:
      - Faraday v1.1.0
      Accept-Encoding:
      - gzip;q=1.0,deflate;q=0.6,identity;q=0.3
      Accept:
      - "*/*"
  response:
    status:
      code: 200
      message: OK
    headers:
      Server:
      - Cowboy
      Date:
      - Wed, 18 Nov 2020 23:44:38 GMT
      Connection:
      - keep-alive
      Content-Type:
      - application/json; charset=utf-8
      Etag:
      - W/"6ec983ad3b912579c83ada9e5707b7ac"
      Cache-Control:
      - max-age=0, private, must-revalidate
      X-Request-Id:
      - 51f12e74-fb9e-45fb-aa64-dcf520aa46dd
      X-Runtime:
      - '0.009471'
      Vary:
      - Origin
      Transfer-Encoding:
      - chunked
      Via:
      - 1.1 vegur
    body:
      encoding: UTF-8
      string: '{"data":{"id":"415","type":"garden_health","attributes":{"id":415,"reading_type":"moisture","reading":22.0,"created_at":"2020-11-06T15:36:03.003Z"}}}'
  recorded_at: Wed, 18 Nov 2020 23:44:39 GMT
- request:
    method: get
    uri: https://solar-garden-be.herokuapp.com/api/v1/garden_healths/417
    body:
      encoding: US-ASCII
      string: ''
    headers:
      User-Agent:
      - Faraday v1.1.0
      Accept-Encoding:
      - gzip;q=1.0,deflate;q=0.6,identity;q=0.3
      Accept:
      - "*/*"
  response:
    status:
      code: 200
      message: OK
    headers:
      Server:
      - Cowboy
      Date:
      - Wed, 18 Nov 2020 23:44:39 GMT
      Connection:
      - keep-alive
      Content-Type:
      - application/json; charset=utf-8
      Etag:
      - W/"04fe0bce77129823b9a52b06ffdb2b38"
      Cache-Control:
      - max-age=0, private, must-revalidate
      X-Request-Id:
      - c2af8682-f2bf-4521-9d53-b39d0ce2b3e1
      X-Runtime:
      - '0.007188'
      Vary:
      - Origin
      Transfer-Encoding:
      - chunked
      Via:
      - 1.1 vegur
    body:
      encoding: UTF-8
      string: '{"data":{"id":"417","type":"garden_health","attributes":{"id":417,"reading_type":"moisture","reading":22.0,"created_at":"2020-11-06T15:36:06.008Z"}}}'
  recorded_at: Wed, 18 Nov 2020 23:44:39 GMT
- request:
    method: get
    uri: https://solar-garden-be.herokuapp.com/api/v1/garden_healths/419
    body:
      encoding: US-ASCII
      string: ''
    headers:
      User-Agent:
      - Faraday v1.1.0
      Accept-Encoding:
      - gzip;q=1.0,deflate;q=0.6,identity;q=0.3
      Accept:
      - "*/*"
  response:
    status:
      code: 200
      message: OK
    headers:
      Server:
      - Cowboy
      Date:
      - Wed, 18 Nov 2020 23:44:39 GMT
      Connection:
      - keep-alive
      Content-Type:
      - application/json; charset=utf-8
      Etag:
      - W/"4ec3937b0474cff1d06ad60baa1ea795"
      Cache-Control:
      - max-age=0, private, must-revalidate
      X-Request-Id:
      - 9faa6cd5-030d-4873-a29e-bda179d380a4
      X-Runtime:
      - '0.007151'
      Vary:
      - Origin
      Transfer-Encoding:
      - chunked
      Via:
      - 1.1 vegur
    body:
      encoding: UTF-8
      string: '{"data":{"id":"419","type":"garden_health","attributes":{"id":419,"reading_type":"moisture","reading":23.0,"created_at":"2020-11-06T15:36:09.023Z"}}}'
  recorded_at: Wed, 18 Nov 2020 23:44:40 GMT
- request:
    method: get
    uri: https://solar-garden-be.herokuapp.com/api/v1/garden_healths/421
    body:
      encoding: US-ASCII
      string: ''
    headers:
      User-Agent:
      - Faraday v1.1.0
      Accept-Encoding:
      - gzip;q=1.0,deflate;q=0.6,identity;q=0.3
      Accept:
      - "*/*"
  response:
    status:
      code: 200
      message: OK
    headers:
      Server:
      - Cowboy
      Date:
      - Wed, 18 Nov 2020 23:44:40 GMT
      Connection:
      - keep-alive
      Content-Type:
      - application/json; charset=utf-8
      Etag:
      - W/"f52dfb70234dae588cd17598c672d891"
      Cache-Control:
      - max-age=0, private, must-revalidate
      X-Request-Id:
      - 320f369d-61b8-4d84-84f3-a66a298e8e3c
      X-Runtime:
      - '0.011916'
      Vary:
      - Origin
      Transfer-Encoding:
      - chunked
      Via:
      - 1.1 vegur
    body:
      encoding: UTF-8
      string: '{"data":{"id":"421","type":"garden_health","attributes":{"id":421,"reading_type":"moisture","reading":24.0,"created_at":"2020-11-06T15:36:12.021Z"}}}'
  recorded_at: Wed, 18 Nov 2020 23:44:40 GMT
- request:
    method: get
    uri: https://solar-garden-be.herokuapp.com/api/v1/garden_healths/423
    body:
      encoding: US-ASCII
      string: ''
    headers:
      User-Agent:
      - Faraday v1.1.0
      Accept-Encoding:
      - gzip;q=1.0,deflate;q=0.6,identity;q=0.3
      Accept:
      - "*/*"
  response:
    status:
      code: 200
      message: OK
    headers:
      Server:
      - Cowboy
      Date:
      - Wed, 18 Nov 2020 23:44:40 GMT
      Connection:
      - keep-alive
      Content-Type:
      - application/json; charset=utf-8
      Etag:
      - W/"4da0a2482cf920ae1328755c7cb791f7"
      Cache-Control:
      - max-age=0, private, must-revalidate
      X-Request-Id:
      - 8a8743c0-a369-429e-88ae-3e3c3ff73984
      X-Runtime:
      - '0.019311'
      Vary:
      - Origin
      Transfer-Encoding:
      - chunked
      Via:
      - 1.1 vegur
    body:
      encoding: UTF-8
      string: '{"data":{"id":"423","type":"garden_health","attributes":{"id":423,"reading_type":"moisture","reading":25.0,"created_at":"2020-11-06T15:36:15.018Z"}}}'
  recorded_at: Wed, 18 Nov 2020 23:44:40 GMT
- request:
    method: get
    uri: https://solar-garden-be.herokuapp.com/api/v1/garden_healths/425
    body:
      encoding: US-ASCII
      string: ''
    headers:
      User-Agent:
      - Faraday v1.1.0
      Accept-Encoding:
      - gzip;q=1.0,deflate;q=0.6,identity;q=0.3
      Accept:
      - "*/*"
  response:
    status:
      code: 200
      message: OK
    headers:
      Server:
      - Cowboy
      Date:
      - Wed, 18 Nov 2020 23:44:40 GMT
      Connection:
      - keep-alive
      Content-Type:
      - application/json; charset=utf-8
      Etag:
      - W/"2aac2b89d4a7563a9ff0d9f15c88129f"
      Cache-Control:
      - max-age=0, private, must-revalidate
      X-Request-Id:
      - b4bb2db1-751a-4a7d-9d94-0ed23a6944df
      X-Runtime:
      - '0.011543'
      Vary:
      - Origin
      Transfer-Encoding:
      - chunked
      Via:
      - 1.1 vegur
    body:
      encoding: UTF-8
      string: '{"data":{"id":"425","type":"garden_health","attributes":{"id":425,"reading_type":"moisture","reading":25.0,"created_at":"2020-11-06T15:36:18.041Z"}}}'
  recorded_at: Wed, 18 Nov 2020 23:44:41 GMT
- request:
    method: get
    uri: https://solar-garden-be.herokuapp.com/api/v1/garden_healths/427
    body:
      encoding: US-ASCII
      string: ''
    headers:
      User-Agent:
      - Faraday v1.1.0
      Accept-Encoding:
      - gzip;q=1.0,deflate;q=0.6,identity;q=0.3
      Accept:
      - "*/*"
  response:
    status:
      code: 200
      message: OK
    headers:
      Server:
      - Cowboy
      Date:
      - Wed, 18 Nov 2020 23:44:41 GMT
      Connection:
      - keep-alive
      Content-Type:
      - application/json; charset=utf-8
      Etag:
      - W/"4e659593a45c11f68d636e6355d561b7"
      Cache-Control:
      - max-age=0, private, must-revalidate
      X-Request-Id:
      - bb544a50-7d51-41c4-b132-8665d92db33e
      X-Runtime:
      - '0.006216'
      Vary:
      - Origin
      Transfer-Encoding:
      - chunked
      Via:
      - 1.1 vegur
    body:
      encoding: UTF-8
      string: '{"data":{"id":"427","type":"garden_health","attributes":{"id":427,"reading_type":"moisture","reading":25.0,"created_at":"2020-11-06T15:36:21.092Z"}}}'
  recorded_at: Wed, 18 Nov 2020 23:44:41 GMT
- request:
    method: get
    uri: https://solar-garden-be.herokuapp.com/api/v1/garden_healths/429
    body:
      encoding: US-ASCII
      string: ''
    headers:
      User-Agent:
      - Faraday v1.1.0
      Accept-Encoding:
      - gzip;q=1.0,deflate;q=0.6,identity;q=0.3
      Accept:
      - "*/*"
  response:
    status:
      code: 200
      message: OK
    headers:
      Server:
      - Cowboy
      Date:
      - Wed, 18 Nov 2020 23:44:41 GMT
      Connection:
      - keep-alive
      Content-Type:
      - application/json; charset=utf-8
      Etag:
      - W/"c4b78f8bd844752ba4f9987b1ad93a78"
      Cache-Control:
      - max-age=0, private, must-revalidate
      X-Request-Id:
      - 528f81e1-94f1-4c65-88e3-1da3f4bb1a6a
      X-Runtime:
      - '0.006971'
      Vary:
      - Origin
      Transfer-Encoding:
      - chunked
      Via:
      - 1.1 vegur
    body:
      encoding: UTF-8
      string: '{"data":{"id":"429","type":"garden_health","attributes":{"id":429,"reading_type":"moisture","reading":25.0,"created_at":"2020-11-06T15:36:24.098Z"}}}'
  recorded_at: Wed, 18 Nov 2020 23:44:41 GMT
- request:
    method: get
    uri: https://solar-garden-be.herokuapp.com/api/v1/garden_healths/431
    body:
      encoding: US-ASCII
      string: ''
    headers:
      User-Agent:
      - Faraday v1.1.0
      Accept-Encoding:
      - gzip;q=1.0,deflate;q=0.6,identity;q=0.3
      Accept:
      - "*/*"
  response:
    status:
      code: 200
      message: OK
    headers:
      Server:
      - Cowboy
      Date:
      - Wed, 18 Nov 2020 23:44:41 GMT
      Connection:
      - keep-alive
      Content-Type:
      - application/json; charset=utf-8
      Etag:
      - W/"5ca1118a09ca116cd93ad3ae746bb286"
      Cache-Control:
      - max-age=0, private, must-revalidate
      X-Request-Id:
      - bfde8443-17a2-4e69-b02c-88a07bc39604
      X-Runtime:
      - '0.008499'
      Vary:
      - Origin
      Transfer-Encoding:
      - chunked
      Via:
      - 1.1 vegur
    body:
      encoding: UTF-8
      string: '{"data":{"id":"431","type":"garden_health","attributes":{"id":431,"reading_type":"moisture","reading":25.0,"created_at":"2020-11-06T15:36:27.104Z"}}}'
  recorded_at: Wed, 18 Nov 2020 23:44:42 GMT
- request:
    method: get
    uri: https://solar-garden-be.herokuapp.com/api/v1/garden_healths/433
    body:
      encoding: US-ASCII
      string: ''
    headers:
      User-Agent:
      - Faraday v1.1.0
      Accept-Encoding:
      - gzip;q=1.0,deflate;q=0.6,identity;q=0.3
      Accept:
      - "*/*"
  response:
    status:
      code: 200
      message: OK
    headers:
      Server:
      - Cowboy
      Date:
      - Wed, 18 Nov 2020 23:44:42 GMT
      Connection:
      - keep-alive
      Content-Type:
      - application/json; charset=utf-8
      Etag:
      - W/"63f7a6c4214f67a57b7dda519cf1787b"
      Cache-Control:
      - max-age=0, private, must-revalidate
      X-Request-Id:
      - 94013d94-800c-42c3-8e14-03c71e951aba
      X-Runtime:
      - '0.007439'
      Vary:
      - Origin
      Transfer-Encoding:
      - chunked
      Via:
      - 1.1 vegur
    body:
      encoding: UTF-8
      string: '{"data":{"id":"433","type":"garden_health","attributes":{"id":433,"reading_type":"moisture","reading":25.0,"created_at":"2020-11-06T15:36:30.105Z"}}}'
  recorded_at: Wed, 18 Nov 2020 23:44:42 GMT
- request:
    method: get
    uri: https://solar-garden-be.herokuapp.com/api/v1/garden_healths/435
    body:
      encoding: US-ASCII
      string: ''
    headers:
      User-Agent:
      - Faraday v1.1.0
      Accept-Encoding:
      - gzip;q=1.0,deflate;q=0.6,identity;q=0.3
      Accept:
      - "*/*"
  response:
    status:
      code: 200
      message: OK
    headers:
      Server:
      - Cowboy
      Date:
      - Wed, 18 Nov 2020 23:44:42 GMT
      Connection:
      - keep-alive
      Content-Type:
      - application/json; charset=utf-8
      Etag:
      - W/"2a6121365cf4cc6c022e503c3ceb9820"
      Cache-Control:
      - max-age=0, private, must-revalidate
      X-Request-Id:
      - 180e1fc7-b11d-4892-949f-554ec3264900
      X-Runtime:
      - '0.008086'
      Vary:
      - Origin
      Transfer-Encoding:
      - chunked
      Via:
      - 1.1 vegur
    body:
      encoding: UTF-8
      string: '{"data":{"id":"435","type":"garden_health","attributes":{"id":435,"reading_type":"moisture","reading":25.0,"created_at":"2020-11-06T15:36:33.113Z"}}}'
  recorded_at: Wed, 18 Nov 2020 23:44:42 GMT
- request:
    method: get
    uri: https://solar-garden-be.herokuapp.com/api/v1/forecast?lat=41.0&lon=86.0
    body:
      encoding: US-ASCII
      string: ''
    headers:
      User-Agent:
      - Faraday v1.1.0
      Accept-Encoding:
      - gzip;q=1.0,deflate;q=0.6,identity;q=0.3
      Accept:
      - "*/*"
  response:
    status:
      code: 200
      message: OK
    headers:
      Server:
      - Cowboy
      Date:
      - Wed, 18 Nov 2020 23:44:42 GMT
      Connection:
      - keep-alive
      Content-Type:
      - application/json; charset=utf-8
      Etag:
      - W/"74db747819f04049dbf7789d293a5350"
      Cache-Control:
      - max-age=0, private, must-revalidate
      X-Request-Id:
      - b8fb92ea-2ceb-4363-b136-ca0ee5c6190e
      X-Runtime:
      - '0.133674'
      Vary:
      - Origin
      Transfer-Encoding:
      - chunked
      Via:
      - 1.1 vegur
    body:
      encoding: UTF-8
      string: '{"data":{"id":null,"type":"weather","attributes":{"id":null,"description":"overcast
        clouds","humidity":79,"temperature":34.29,"daily":[{"date":"2020-11-19T06:00:00.000+00:00","temperature":44.65,"humidity":52,"description":"overcast
        clouds"},{"date":"2020-11-20T06:00:00.000+00:00","temperature":36.66,"humidity":60,"description":"scattered
        clouds"},{"date":"2020-11-21T06:00:00.000+00:00","temperature":33.1,"humidity":56,"description":"few
        clouds"},{"date":"2020-11-22T06:00:00.000+00:00","temperature":33.94,"humidity":58,"description":"broken
        clouds"},{"date":"2020-11-23T06:00:00.000+00:00","temperature":33.98,"humidity":62,"description":"overcast
        clouds"},{"date":"2020-11-24T06:00:00.000+00:00","temperature":35.13,"humidity":70,"description":"scattered
        clouds"},{"date":"2020-11-25T06:00:00.000+00:00","temperature":35.73,"humidity":64,"description":"few
        clouds"},{"date":"2020-11-26T06:00:00.000+00:00","temperature":38.5,"humidity":54,"description":"scattered
        clouds"}]}}}'
  recorded_at: Wed, 18 Nov 2020 23:44:43 GMT
- request:
    method: get
    uri: https://solar-garden-be.herokuapp.com/api/v1/sensors/89/garden_healths/last
    body:
      encoding: US-ASCII
      string: ''
    headers:
      User-Agent:
      - Faraday v1.1.0
      Accept-Encoding:
      - gzip;q=1.0,deflate;q=0.6,identity;q=0.3
      Accept:
      - "*/*"
  response:
    status:
      code: 200
      message: OK
    headers:
      Server:
      - Cowboy
      Date:
      - Wed, 18 Nov 2020 23:44:43 GMT
      Connection:
      - keep-alive
      Content-Type:
      - application/json; charset=utf-8
      Etag:
      - W/"889457145d227936960fd3c4ea741e40"
      Cache-Control:
      - max-age=0, private, must-revalidate
      X-Request-Id:
      - 5f0d21f8-fefc-47cc-aebe-bd11069f3f02
      X-Runtime:
      - '0.006973'
      Vary:
      - Origin
      Transfer-Encoding:
      - chunked
      Via:
      - 1.1 vegur
    body:
      encoding: UTF-8
      string: '{"data":[{"id":"435","type":"garden_health","attributes":{"id":435,"reading_type":"moisture","reading":25.0,"created_at":"2020-11-06T15:36:33.113Z"}}]}'
  recorded_at: Wed, 18 Nov 2020 23:44:43 GMT
- request:
    method: get
    uri: https://solar-garden-be.herokuapp.com/api/v1/sensors/101/garden_healths/last
    body:
      encoding: US-ASCII
      string: ''
    headers:
      User-Agent:
      - Faraday v1.1.0
      Accept-Encoding:
      - gzip;q=1.0,deflate;q=0.6,identity;q=0.3
      Accept:
      - "*/*"
  response:
    status:
      code: 200
      message: OK
    headers:
      Server:
      - Cowboy
      Date:
      - Wed, 18 Nov 2020 23:44:43 GMT
      Connection:
      - keep-alive
      Content-Type:
      - application/json; charset=utf-8
      Etag:
      - W/"13c6bd762ef28ab2164b52852aba8a64"
      Cache-Control:
      - max-age=0, private, must-revalidate
      X-Request-Id:
      - 005f503c-3226-42c6-9443-ebe899c60c20
      X-Runtime:
      - '0.014919'
      Vary:
      - Origin
      Transfer-Encoding:
      - chunked
      Via:
      - 1.1 vegur
    body:
      encoding: UTF-8
      string: '{"data":[{"id":"434","type":"garden_health","attributes":{"id":434,"reading_type":"light","reading":225.0,"created_at":"2020-11-06T15:36:32.509Z"}}]}'
  recorded_at: Wed, 18 Nov 2020 23:44:43 GMT
- request:
    method: get
    uri: https://solar-garden-be.herokuapp.com/api/v1/gardens/248/plants
    body:
      encoding: US-ASCII
      string: ''
    headers:
      User-Agent:
      - Faraday v1.1.0
      Accept-Encoding:
      - gzip;q=1.0,deflate;q=0.6,identity;q=0.3
      Accept:
      - "*/*"
  response:
    status:
      code: 200
      message: OK
    headers:
      Server:
      - Cowboy
      Date:
      - Wed, 18 Nov 2020 23:44:43 GMT
      Connection:
      - keep-alive
      Content-Type:
      - application/json; charset=utf-8
      Etag:
      - W/"ff1fc7844505c74735092704b6068424"
      Cache-Control:
      - max-age=0, private, must-revalidate
      X-Request-Id:
      - 5312a83a-d7ed-4894-9a4e-7c3ac84bbc38
      X-Runtime:
      - '0.017925'
      Vary:
      - Origin
      Transfer-Encoding:
      - chunked
      Via:
      - 1.1 vegur
    body:
      encoding: ASCII-8BIT
      string: !binary |-
        eyJkYXRhIjpbeyJpZCI6IjE4IiwidHlwZSI6InBsYW50IiwiYXR0cmlidXRlcyI6eyJpbWFnZSI6ImhhcnZlc3RfaGVscGVyX3Byb2R1Y3Rpb24vMThfb25pb24iLCJuYW1lIjoiT25pb24iLCJzcGVjaWVzIjoiIiwiZGVzY3JpcHRpb24iOiJPbmlvbnMgYXJlIGEgY29sZC1zZWFzb24gY3JvcCwgZWFzeSB0byBncm93IGJlY2F1c2Ugb2YgdGhlaXIgaGFyZGluZXNzLiBXZSByZWNvbW1lbmQgdXNpbmcgb25pb24gc2V0cywgd2hpY2ggY2FuIGJlIHBsYW50ZWQgd2l0aG91dCB3b3JyeSBvZiBmcm9zdCBkYW1hZ2UgYW5kIGhhdmUgYSBoaWdoZXIgc3VjY2VzcyByYXRlIHRoYW4gZGlyZWN0IHNlZWQgb3IgdHJhbnNwbGFudHMuIE9uaW9ucyBncm93IHdlbGwgb24gcmFpc2VkIGJlZHMgb3IgcmFpc2VkIHJvd3MgYXQgbGVhc3QgNCBpbmNoZXMgaGlnaC4iLCJsaWdodF9yZXF1aXJlbWVudHMiOiJGdWxsIFN1bihhdCBsZWFzdCA2IGhvdXJzIGEgZGF5KSIsIndhdGVyX3JlcXVpcmVtZW50cyI6IkdlbmVyYWxseSwgb25pb25zIGRvIG5vdCBuZWVkIGNvbnNpc3RlbnQgd2F0ZXJpbmcgaWYgbXVsY2ggaXMgdXNlZC4gQWJvdXQgb25lIGluY2ggb2Ygd2F0ZXIgcGVyIHdlZWsgKGluY2x1ZGluZyByYWluIHdhdGVyKSBpcyBzdWZmaWNpZW50LiBJZiB5b3Ugd2FudCBzd2VldGVyIG9uaW9ucywgd2F0ZXIgbW9yZS4gT25pb25zIHdpbGwgbG9vayBoZWFsdGh5IGV2ZW4gaWYgdGhleSBhcmUgYm9uZSBkcnksIGJlIHN1cmUgdG8gd2F0ZXIgZHVyaW5nIGRyb3VnaHQgY29uZGl0aW9ucy4iLCJ3aGVuX3RvX3BsYW50IjoiUGxhbnQgb25pb25zIGFzIHNvb24gYXMgdGhlIGdyb3VuZCBjYW4gYmUgd29ya2VkIGluIHRoZSBzcHJpbmcsIHVzdWFsbHkgbGF0ZSBNYXJjaCBvciBBcHJpbC4gTWFrZSBzdXJlIHRlbXBlcmF0dXJlIGRvZXNu4oCZdCBnbyBiZWxvdyAyMCBkZWdyZWVzIEYuIiwiaGFydmVzdF90aW1lIjoiV2hlbiB0b3BzIGFyZSBicm93biwgcHVsbCB0aGUgb25pb25zLiBCZSBzdXJlIHRvIGhhcnZlc3QgaW4gbGF0ZSBzdW1tZXIsIGJlZm9yZSBjb29sIHdlYXRoZXIuIE1hdHVyZSBvbmlvbnMgbWF5IHNwb2lsIGluIGZhbGwgd2VhdGhlci4iLCJjb21tb25fcGVzdHMiOiJPbmlvbiBNYWdnb3RzIiwiaWQiOjE4fSwicmVsYXRpb25zaGlwcyI6eyJnYXJkZW5fcGxhbnRzIjp7ImRhdGEiOlt7ImlkIjoiNzciLCJ0eXBlIjoiZ2FyZGVuX3BsYW50In0seyJpZCI6Ijg3IiwidHlwZSI6ImdhcmRlbl9wbGFudCJ9LHsiaWQiOiIxMzQiLCJ0eXBlIjoiZ2FyZGVuX3BsYW50In1dfSwiZ2FyZGVucyI6eyJkYXRhIjpbeyJpZCI6IjQ5NiIsInR5cGUiOiJnYXJkZW4ifSx7ImlkIjoiMjQ4IiwidHlwZSI6ImdhcmRlbiJ9LHsiaWQiOiI0ODkiLCJ0eXBlIjoiZ2FyZGVuIn1dfX19XX0=
  recorded_at: Wed, 18 Nov 2020 23:44:44 GMT
recorded_with: VCR 6.0.0
